Command line invocation:
    /Applications/Xcode.app/Contents/Developer/usr/bin/xcodebuild -project apps/iOS/Tests/UITests/TaskModule/LoanSwipe.xcodeproj -scheme LoanSwipeTests -destination "platform=iOS Simulator,id=E8A87829-F0B0-444E-81F0-5C4B2C39238E" -derivedDataPath /tmp/task-ui-build -resultBundlePath /tmp/task-v4-ipad.xcresult -parallel-testing-enabled NO "-only-testing:LoanSwipeTests/LoanSwipeTests/testV4Pages" test

Writing result bundle at path:
	/tmp/task-v4-ipad.xcresult

ComputePackagePrebuildTargetDependencyGraph

Prepare packages

CreateBuildRequest

SendProjectDescription

CreateBuildOperation

ComputeTargetDependencyGraph
note: Building targets in dependency order
note: Target dependency graph (1 target)
    Target 'LoanSwipeTests' in project 'LoanSwipe' (no dependencies)

GatherProvisioningInputs

CreateBuildDescription

ExecuteExternalTool /Applications/Xcode.app/Contents/Developer/Toolchains/XcodeDefault.xctoolchain/usr/bin/clang -v -E -dM -isysroot /Applications/Xcode.app/Contents/Developer/Platforms/iPhoneSimulator.platform/Developer/SDKs/iPhoneSimulator27.0.sdk -x c -c /dev/null

ExecuteExternalTool /Applications/Xcode.app/Contents/Developer/Toolchains/XcodeDefault.xctoolchain/usr/bin/swiftc --version

ExecuteExternalTool /Applications/Xcode.app/Contents/Developer/Toolchains/XcodeDefault.xctoolchain/usr/bin/ld -version_details

Build description signature: d829f5df27dd270f921df7336ba3d1e3
Build description path: /tmp/task-ui-build/Build/Intermediates.noindex/XCBuildData/d829f5df27dd270f921df7336ba3d1e3.xcbuilddata
ClangStatCache /Applications/Xcode.app/Contents/Developer/Toolchains/XcodeDefault.xctoolchain/usr/bin/clang-stat-cache /Applications/Xcode.app/Contents/Developer/Platforms/iPhoneSimulator.platform/Developer/SDKs/iPhoneSimulator27.0.sdk /tmp/task-ui-build/SDKStatCaches.noindex/iphonesimulator27.0-24A430-e829b21a6f8c9b70876ba0858053c0448dc58220667be655e1bcc261a7455254.sdkstatcache
    cd /Users/lyu/Documents/CODE/personal-assistant/apps/iOS/Tests/UITests/TaskModule/LoanSwipe.xcodeproj
    /Applications/Xcode.app/Contents/Developer/Toolchains/XcodeDefault.xctoolchain/usr/bin/clang-stat-cache /Applications/Xcode.app/Contents/Developer/Platforms/iPhoneSimulator.platform/Developer/SDKs/iPhoneSimulator27.0.sdk -o /tmp/task-ui-build/SDKStatCaches.noindex/iphonesimulator27.0-24A430-e829b21a6f8c9b70876ba0858053c0448dc58220667be655e1bcc261a7455254.sdkstatcache

warning: Traditional headermap style is no longer supported; please migrate to using separate headermaps and set 'ALWAYS_SEARCH_USER_PATHS' to NO. (in target 'LoanSwipeTests' from project 'LoanSwipe')
ProcessInfoPlistFile /tmp/task-ui-build/Build/Products/Debug-iphonesimulator/LoanSwipeTests-Runner.app/PlugIns/LoanSwipeTests.xctest/Info.plist /tmp/task-ui-build/Build/Intermediates.noindex/LoanSwipe.build/Debug-iphonesimulator/LoanSwipeTests.build/empty-LoanSwipeTests.plist (in target 'LoanSwipeTests' from project 'LoanSwipe')
    cd /Users/lyu/Documents/CODE/personal-assistant/apps/iOS/Tests/UITests/TaskModule
    builtin-infoPlistUtility /tmp/task-ui-build/Build/Intermediates.noindex/LoanSwipe.build/Debug-iphonesimulator/LoanSwipeTests.build/empty-LoanSwipeTests.plist -producttype com.apple.product-type.bundle.ui-testing -expandbuildsettings -format binary -platform iphonesimulator -additionalcontentfile /tmp/task-ui-build/Build/Intermediates.noindex/LoanSwipe.build/Debug-iphonesimulator/LoanSwipeTests.build/ProductTypeInfoPlistAdditions.plist -o /tmp/task-ui-build/Build/Products/Debug-iphonesimulator/LoanSwipeTests-Runner.app/PlugIns/LoanSwipeTests.xctest/Info.plist

CopySwiftLibs /tmp/task-ui-build/Build/Products/Debug-iphonesimulator/LoanSwipeTests-Runner.app/PlugIns/LoanSwipeTests.xctest (in target 'LoanSwipeTests' from project 'LoanSwipe')
    cd /Users/lyu/Documents/CODE/personal-assistant/apps/iOS/Tests/UITests/TaskModule
    builtin-swiftStdLibTool --copy --verbose --scan-executable /tmp/task-ui-build/Build/Products/Debug-iphonesimulator/LoanSwipeTests-Runner.app/PlugIns/LoanSwipeTests.xctest/LoanSwipeTests --scan-folder /tmp/task-ui-build/Build/Products/Debug-iphonesimulator/LoanSwipeTests-Runner.app/PlugIns/LoanSwipeTests.xctest/Frameworks --scan-folder /tmp/task-ui-build/Build/Products/Debug-iphonesimulator/LoanSwipeTests-Runner.app/PlugIns/LoanSwipeTests.xctest/PlugIns --scan-folder /tmp/task-ui-build/Build/Products/Debug-iphonesimulator/LoanSwipeTests-Runner.app/PlugIns/LoanSwipeTests.xctest/SystemExtensions --scan-folder /tmp/task-ui-build/Build/Products/Debug-iphonesimulator/LoanSwipeTests-Runner.app/PlugIns/LoanSwipeTests.xctest/Extensions --platform iphonesimulator --toolchain /var/run/com.apple.security.cryptexd/mnt/com.apple.MobileAsset.MetalToolchain-v27.1.266.1.d9WyMa/Metal.xctoolchain --toolchain /Applications/Xcode.app/Contents/Developer/Toolchains/XcodeDefault.xctoolchain --destination /tmp/task-ui-build/Build/Products/Debug-iphonesimulator/LoanSwipeTests-Runner.app/PlugIns/LoanSwipeTests.xctest/Frameworks --strip-bitcode --scan-executable /Applications/Xcode.app/Contents/Developer/Platforms/iPhoneSimulator.platform/Developer/usr/lib/libXCTestSwiftSupport.dylib --strip-bitcode-tool /Applications/Xcode.app/Contents/Developer/Toolchains/XcodeDefault.xctoolchain/usr/bin/bitcode_strip --emit-dependency-info /tmp/task-ui-build/Build/Intermediates.noindex/LoanSwipe.build/Debug-iphonesimulator/LoanSwipeTests.build/SwiftStdLibToolInputDependencies.dep --filter-for-swift-os
Ignoring --strip-bitcode because --sign was not passed

PruneExplicitPrecompiledModules /tmp/task-ui-build/SDKExplicitPrecompiledModules

PruneExplicitPrecompiledModules /tmp/task-ui-build/Build/Intermediates.noindex/SwiftExplicitPrecompiledModules

PruneExplicitPrecompiledModules /tmp/task-ui-build/Build/Intermediates.noindex/ExplicitPrecompiledModules

2026-10-05 11:09:32.996317+0800 LoanSwipeTests-Runner[12876:143942] [Default] Running tests...
    t =      nans Interface orientation changed to Portrait
Test Suite 'Selected tests' started at 2026-10-05 11:09:35.750.
Test Suite 'LoanSwipeTests.xctest' started at 2026-10-05 11:09:35.751.
Test Suite 'LoanSwipeTests' started at 2026-10-05 11:09:35.751.
Test Case '-[LoanSwipeTests.LoanSwipeTests testV4Pages]' started.
    t =     0.00s Start Test at 2026-10-05 11:09:35.753
    t =     0.12s Set Up
    t =     0.13s Open personalassistant.lylab.vip.PersonalAssistant
    t =     0.13s     Launch personalassistant.lylab.vip.PersonalAssistant
    t =     0.18s         Setting up automation session
objc[12876]: Class UIAccessibilityLoaderWebShared is implemented in both /Library/Developer/CoreSimulator/Volumes/iOS_24A434/Library/Developer/CoreSimulator/Profiles/Runtimes/iOS 27.0.simruntime/Contents/Resources/RuntimeRoot/System/Library/AccessibilityBundles/WebKit.axbundle/WebKit (0x1084b4398) and /Library/Developer/CoreSimulator/Volumes/iOS_24A434/Library/Developer/CoreSimulator/Profiles/Runtimes/iOS 27.0.simruntime/Contents/Resources/RuntimeRoot/System/Library/AccessibilityBundles/WebCore.axbundle/WebCore (0x1085a8310). This may cause spurious casting failures and mysterious crashes. One of the duplicates must be removed or renamed.
    t =     2.10s         Wait for personalassistant.lylab.vip.PersonalAssistant to idle
    t =     4.39s Waiting 15.0s for "任务" NavigationBar to exist
    t =     5.45s     Checking `Expect predicate `existsNoRetry == 1` for object "任务" NavigationBar`
    t =     5.45s         Checking existence of `"任务" NavigationBar`
    t =     5.62s Find the Application 'personalassistant.lylab.vip.PersonalAssistant'
    t =     5.80s Added attachment named 'v4-root'
    t =     5.80s Requesting snapshot of accessibility hierarchy for app with pid 12911
    t =     6.00s Requesting snapshot of accessibility hierarchy for app with pid 12911
    t =     6.08s Tap "工作" StaticText
    t =     6.08s     Wait for personalassistant.lylab.vip.PersonalAssistant to idle
    t =     6.08s     Find the "工作" StaticText
    t =     6.14s     Check for interrupting elements affecting "工作" StaticText
    t =     6.19s         Wait for com.apple.springboard to idle
    t =     6.26s     Synthesize event
    t =     6.67s     Wait for personalassistant.lylab.vip.PersonalAssistant to idle
    t =     7.20s Waiting 5.0s for "工作" NavigationBar to exist
    t =     8.27s     Checking `Expect predicate `existsNoRetry == 1` for object "工作" NavigationBar`
    t =     8.27s         Checking existence of `"工作" NavigationBar`
    t =     8.37s Checking existence of `TabBar (First Match)`
    t =     8.44s Find the Application 'personalassistant.lylab.vip.PersonalAssistant'
    t =     8.62s Added attachment named 'v4-tree'
    t =     8.62s Requesting snapshot of accessibility hierarchy for app with pid 12911
    t =     9.02s Requesting snapshot of accessibility hierarchy for app with pid 12911
    t =     9.15s Tap "设计准备" StaticText
    t =     9.15s     Wait for personalassistant.lylab.vip.PersonalAssistant to idle
    t =     9.16s     Find the "设计准备" StaticText
    t =     9.24s     Check for interrupting elements affecting "设计准备" StaticText
    t =     9.32s         Wait for com.apple.springboard to idle
    t =     9.34s     Synthesize event
    t =     9.63s     Wait for personalassistant.lylab.vip.PersonalAssistant to idle
    t =    10.05s Waiting 5.0s for "主任务详情" NavigationBar to exist
    t =    11.11s     Checking `Expect predicate `existsNoRetry == 1` for object "主任务详情" NavigationBar`
    t =    11.11s         Checking existence of `"主任务详情" NavigationBar`
    t =    11.17s Checking existence of `StaticText (First Match)`
    t =    11.20s Find the Application 'personalassistant.lylab.vip.PersonalAssistant'
    t =    11.35s Added attachment named 'v4-main-detail'
    t =    11.35s Requesting snapshot of accessibility hierarchy for app with pid 12911
    t =    11.58s Requesting snapshot of accessibility hierarchy for app with pid 12911
    t =    11.65s Tap "编辑" Button
    t =    11.65s     Wait for personalassistant.lylab.vip.PersonalAssistant to idle
    t =    11.65s     Find the "编辑" Button
    t =    11.69s     Check for interrupting elements affecting "编辑" Button
    t =    11.74s         Wait for com.apple.springboard to idle
    t =    11.75s     Synthesize event
    t =    12.06s     Wait for personalassistant.lylab.vip.PersonalAssistant to idle
    t =    12.65s Waiting 5.0s for "编辑主任务" NavigationBar to exist
    t =    13.70s     Checking `Expect predicate `existsNoRetry == 1` for object "编辑主任务" NavigationBar`
    t =    13.70s         Checking existence of `"编辑主任务" NavigationBar`
    t =    13.79s Find the Application 'personalassistant.lylab.vip.PersonalAssistant'
    t =    13.97s Added attachment named 'v4-main-edit'
    t =    13.97s Requesting snapshot of accessibility hierarchy for app with pid 12911
    t =    14.40s Requesting snapshot of accessibility hierarchy for app with pid 12911
    t =    14.52s Tap "图标" Button
    t =    14.52s     Wait for personalassistant.lylab.vip.PersonalAssistant to idle
    t =    14.53s     Find the "图标" Button
    t =    14.60s     Check for interrupting elements affecting "图标" Button
    t =    14.67s         Wait for com.apple.springboard to idle
    t =    14.68s     Synthesize event
    t =    14.98s     Wait for personalassistant.lylab.vip.PersonalAssistant to idle
    t =    15.37s Find the Application 'personalassistant.lylab.vip.PersonalAssistant'
    t =    15.59s Added attachment named 'v4-icon-picker'
    t =    15.59s Requesting snapshot of accessibility hierarchy for app with pid 12911
    t =    15.92s Requesting snapshot of accessibility hierarchy for app with pid 12911
    t =    16.02s Tap "完成" Button
    t =    16.02s     Wait for personalassistant.lylab.vip.PersonalAssistant to idle
    t =    16.03s     Find the "完成" Button
    t =    16.09s     Check for interrupting elements affecting "完成" Button
    t =    16.14s         Wait for com.apple.springboard to idle
    t =    16.16s     Synthesize event
    t =    16.47s     Wait for personalassistant.lylab.vip.PersonalAssistant to idle
    t =    16.80s Tap "取消" Button
    t =    16.80s     Wait for personalassistant.lylab.vip.PersonalAssistant to idle
    t =    16.81s     Find the "取消" Button
    t =    16.89s     Check for interrupting elements affecting "取消" Button
    t =    16.95s         Wait for com.apple.springboard to idle
    t =    16.97s     Synthesize event
    t =    17.28s     Wait for personalassistant.lylab.vip.PersonalAssistant to idle
    t =    17.70s Tap "阅读设计规范" StaticText
    t =    17.70s     Wait for personalassistant.lylab.vip.PersonalAssistant to idle
    t =    17.70s     Find the "阅读设计规范" StaticText
    t =    17.75s     Check for interrupting elements affecting "阅读设计规范" StaticText
    t =    17.79s         Wait for com.apple.springboard to idle
    t =    17.81s     Synthesize event
    t =    18.11s     Wait for personalassistant.lylab.vip.PersonalAssistant to idle
    t =    18.50s Waiting 5.0s for "任务详情" NavigationBar to exist
    t =    19.56s     Checking `Expect predicate `existsNoRetry == 1` for object "任务详情" NavigationBar`
    t =    19.56s         Checking existence of `"任务详情" NavigationBar`
    t =    19.62s Checking existence of `"新建下级" Button`
    t =    19.66s Find the Application 'personalassistant.lylab.vip.PersonalAssistant'
    t =    19.81s Added attachment named 'v4-leaf-detail'
    t =    19.81s Requesting snapshot of accessibility hierarchy for app with pid 12911
    t =    20.08s Requesting snapshot of accessibility hierarchy for app with pid 12911
    t =    20.15s Tap Button (Element at index 0)
    t =    20.15s     Wait for personalassistant.lylab.vip.PersonalAssistant to idle
    t =    20.15s     Find the Button (Element at index 0)
    t =    20.19s     Check for interrupting elements affecting "BackButton" Button
    t =    20.23s         Wait for com.apple.springboard to idle
    t =    20.25s     Synthesize event
    t =    20.55s     Wait for personalassistant.lylab.vip.PersonalAssistant to idle
    t =    20.93s Tap Button (Element at index 0)
    t =    20.93s     Wait for personalassistant.lylab.vip.PersonalAssistant to idle
    t =    20.93s     Find the Button (Element at index 0)
    t =    20.98s     Check for interrupting elements affecting "BackButton" Button
    t =    21.03s         Wait for com.apple.springboard to idle
    t =    21.05s     Synthesize event
    t =    21.36s     Wait for personalassistant.lylab.vip.PersonalAssistant to idle
    t =    21.70s Checking existence of `"下一阶段" StaticText`
    t =    21.81s Tap "下一阶段" StaticText
    t =    21.81s     Wait for personalassistant.lylab.vip.PersonalAssistant to idle
    t =    21.82s     Find the "下一阶段" StaticText
    t =    21.89s     Check for interrupting elements affecting "下一阶段" StaticText
    t =    21.97s         Wait for com.apple.springboard to idle
    t =    21.99s     Synthesize event
    t =    22.28s     Wait for personalassistant.lylab.vip.PersonalAssistant to idle
    t =    22.67s Checking existence of `"暂无任务" StaticText`
    t =    22.73s Find the Application 'personalassistant.lylab.vip.PersonalAssistant'
    t =    22.88s Added attachment named 'v4-empty-main'
    t =    22.88s Requesting snapshot of accessibility hierarchy for app with pid 12911
    t =    23.06s Requesting snapshot of accessibility hierarchy for app with pid 12911
    t =    23.11s Tear Down
Test Case '-[LoanSwipeTests.LoanSwipeTests testV4Pages]' passed (23.466 seconds).
Test Suite 'LoanSwipeTests' passed at 2026-10-05 11:09:59.219.
	 Executed 1 test, with 0 failures (0 unexpected) in 23.466 (23.468) seconds
Test Suite 'LoanSwipeTests.xctest' passed at 2026-10-05 11:09:59.220.
	 Executed 1 test, with 0 failures (0 unexpected) in 23.466 (23.469) seconds
Test Suite 'Selected tests' passed at 2026-10-05 11:09:59.220.
	 Executed 1 test, with 0 failures (0 unexpected) in 23.466 (23.471) seconds
2026-10-05 11:09:59.519 xcodebuild[12612:143261] [MT] IDETestOperationsObserverDebug: 31.869 elapsed -- Testing started completed.
2026-10-05 11:09:59.519 xcodebuild[12612:143261] [MT] IDETestOperationsObserverDebug: 0.000 sec, +0.000 sec -- start
2026-10-05 11:09:59.519 xcodebuild[12612:143261] [MT] IDETestOperationsObserverDebug: 31.869 sec, +31.869 sec -- end

Test session results, code coverage, and logs:
	/tmp/task-v4-ipad.xcresult

** TEST SUCCEEDED **

Testing started
