Command line invocation:
    /Applications/Xcode.app/Contents/Developer/usr/bin/xcodebuild -project apps/iOS/Tests/UITests/TaskModule/LoanSwipe.xcodeproj -scheme LoanSwipeTests -destination "platform=iOS Simulator,id=A2FF4A60-1F0F-4EB0-B686-F82A55FD4BA0" -derivedDataPath /private/tmp/task-module-after/compact-build -resultBundlePath /private/tmp/task-module-after/i2-max-light.xcresult -parallel-testing-enabled NO "-only-testing:LoanSwipeTests/LoanSwipeTests/testAccessibleMetadataLayout" test

Writing result bundle at path:
	/private/tmp/task-module-after/i2-max-light.xcresult

ComputePackagePrebuildTargetDependencyGraph

Prepare packages

CreateBuildRequest

SendProjectDescription

CreateBuildOperation

ComputeTargetDependencyGraph
note: Building targets in dependency order
note: Target dependency graph (1 target)
    Target 'LoanSwipeTests' in project 'LoanSwipe' (no dependencies)

GatherProvisioningInputs

CreateBuildDescription

ClangStatCache /Applications/Xcode.app/Contents/Developer/Toolchains/XcodeDefault.xctoolchain/usr/bin/clang-stat-cache /Applications/Xcode.app/Contents/Developer/Platforms/iPhoneSimulator.platform/Developer/SDKs/iPhoneSimulator27.0.sdk /tmp/task-module-after/compact-build/SDKStatCaches.noindex/iphonesimulator27.0-24A430-e829b21a6f8c9b70876ba0858053c0448dc58220667be655e1bcc261a7455254.sdkstatcache
    cd /Users/lyu/Documents/CODE/personal-assistant/apps/iOS/Tests/UITests/TaskModule/LoanSwipe.xcodeproj
    /Applications/Xcode.app/Contents/Developer/Toolchains/XcodeDefault.xctoolchain/usr/bin/clang-stat-cache /Applications/Xcode.app/Contents/Developer/Platforms/iPhoneSimulator.platform/Developer/SDKs/iPhoneSimulator27.0.sdk -o /tmp/task-module-after/compact-build/SDKStatCaches.noindex/iphonesimulator27.0-24A430-e829b21a6f8c9b70876ba0858053c0448dc58220667be655e1bcc261a7455254.sdkstatcache

PruneExplicitPrecompiledModules /tmp/task-module-after/compact-build/Build/Intermediates.noindex/SwiftExplicitPrecompiledModules

PruneExplicitPrecompiledModules /tmp/task-module-after/compact-build/SDKExplicitPrecompiledModules

PruneExplicitPrecompiledModules /tmp/task-module-after/compact-build/Build/Intermediates.noindex/ExplicitPrecompiledModules

warning: Traditional headermap style is no longer supported; please migrate to using separate headermaps and set 'ALWAYS_SEARCH_USER_PATHS' to NO. (in target 'LoanSwipeTests' from project 'LoanSwipe')
2026-10-04 22:31:53.527480+0800 LoanSwipeTests-Runner[21972:375921] [Default] Running tests...
    t =      nans Interface orientation changed to Portrait
Test Suite 'Selected tests' started at 2026-10-04 22:31:55.878.
Test Suite 'LoanSwipeTests.xctest' started at 2026-10-04 22:31:55.878.
Test Suite 'LoanSwipeTests' started at 2026-10-04 22:31:55.878.
Test Case '-[LoanSwipeTests.LoanSwipeTests testAccessibleMetadataLayout]' started.
    t =     0.00s Start Test at 2026-10-04 22:31:55.880
    t =     0.02s Set Up
    t =     0.02s Open personalassistant.lylab.vip.PersonalAssistant
    t =     0.02s     Launch personalassistant.lylab.vip.PersonalAssistant
    t =     0.02s         Terminate personalassistant.lylab.vip.PersonalAssistant:21868
objc[21972]: Class UIAccessibilityLoaderWebShared is implemented in both /Library/Developer/CoreSimulator/Volumes/iOS_24A434/Library/Developer/CoreSimulator/Profiles/Runtimes/iOS 27.0.simruntime/Contents/Resources/RuntimeRoot/System/Library/AccessibilityBundles/WebKit.axbundle/WebKit (0x1052d4398) and /Library/Developer/CoreSimulator/Volumes/iOS_24A434/Library/Developer/CoreSimulator/Profiles/Runtimes/iOS 27.0.simruntime/Contents/Resources/RuntimeRoot/System/Library/AccessibilityBundles/WebCore.axbundle/WebCore (0x1053c8310). This may cause spurious casting failures and mysterious crashes. One of the duplicates must be removed or renamed.
    t =     1.14s         Setting up automation session
    t =     2.99s         Wait for personalassistant.lylab.vip.PersonalAssistant to idle
    t =     5.08s Waiting 15.0s for "任务" NavigationBar to exist
    t =     6.12s     Checking `Expect predicate `existsNoRetry == 1` for object "任务" NavigationBar`
    t =     6.12s         Checking existence of `"任务" NavigationBar`
    t =     6.28s Waiting 5.0s for "为新的一周留点空间" StaticText to exist
    t =     7.32s     Checking `Expect predicate `existsNoRetry == 1` for object "为新的一周留点空间" StaticText`
    t =     7.32s         Checking existence of `"为新的一周留点空间" StaticText`
    t =     7.38s Find the Application 'personalassistant.lylab.vip.PersonalAssistant'
    t =     7.52s Added attachment named 'iteration2-list-initial'
    t =     7.52s Requesting snapshot of accessibility hierarchy for app with pid 21994
    t =     7.75s Requesting snapshot of accessibility hierarchy for app with pid 21994
    t =     7.84s Swipe up Application 'personalassistant.lylab.vip.PersonalAssistant'
    t =     7.84s     Wait for personalassistant.lylab.vip.PersonalAssistant to idle
    t =     7.84s     Find the Application 'personalassistant.lylab.vip.PersonalAssistant'
    t =     7.89s     Check for interrupting elements affecting "个人助理" Application
    t =     7.94s     Synthesize event
    t =     8.36s     Wait for personalassistant.lylab.vip.PersonalAssistant to idle
    t =    10.46s Find the Application 'personalassistant.lylab.vip.PersonalAssistant'
    t =    10.63s Added attachment named 'iteration2-list-scrolled'
    t =    10.63s Requesting snapshot of accessibility hierarchy for app with pid 21994
    t =    10.83s Requesting snapshot of accessibility hierarchy for app with pid 21994
    t =    10.92s Find the Button (First Match)
    t =    10.96s Find the "为新的一周留点空间、日常与成长、高优先级、Oct 4, 2026、40%" Button
    t =    11.00s Find the "为新的一周留点空间、日常与成长、高优先级、Oct 4, 2026、40%" Button
    t =    11.04s Tap "为新的一周留点空间、日常与成长、高优先级、Oct 4, 2026、40%" Button
    t =    11.04s     Wait for personalassistant.lylab.vip.PersonalAssistant to idle
    t =    11.04s     Find the "为新的一周留点空间、日常与成长、高优先级、Oct 4, 2026、40%" Button
    t =    11.08s     Check for interrupting elements affecting "为新的一周留点空间、日常与成长、高优先级、Oct 4, 2026、40%" Button
    t =    11.13s     Synthesize event
    t =    11.43s     Wait for personalassistant.lylab.vip.PersonalAssistant to idle
    t =    11.82s Swipe up Application 'personalassistant.lylab.vip.PersonalAssistant'
    t =    11.82s     Wait for personalassistant.lylab.vip.PersonalAssistant to idle
    t =    11.85s     Find the Application 'personalassistant.lylab.vip.PersonalAssistant'
    t =    11.88s     Check for interrupting elements affecting "个人助理" Application
    t =    11.91s     Synthesize event
    t =    12.34s     Wait for personalassistant.lylab.vip.PersonalAssistant to idle
    t =    14.43s Find the Application 'personalassistant.lylab.vip.PersonalAssistant'
    t =    14.58s Added attachment named 'iteration2-detail'
    t =    14.58s Requesting snapshot of accessibility hierarchy for app with pid 21994
    t =    14.77s Requesting snapshot of accessibility hierarchy for app with pid 21994
    t =    14.83s Terminate personalassistant.lylab.vip.PersonalAssistant:21994
    t =    15.89s Open personalassistant.lylab.vip.PersonalAssistant
    t =    15.89s     Launch personalassistant.lylab.vip.PersonalAssistant
    t =    15.93s         Setting up automation session
    t =    17.78s         Wait for personalassistant.lylab.vip.PersonalAssistant to idle
    t =    19.83s Waiting 10.0s for "今日专注" StaticText to exist
    t =    20.86s     Checking `Expect predicate `existsNoRetry == 1` for object "今日专注" StaticText`
    t =    20.86s         Checking existence of `"今日专注" StaticText`
    t =    21.00s Swipe up Application 'personalassistant.lylab.vip.PersonalAssistant'
    t =    21.00s     Wait for personalassistant.lylab.vip.PersonalAssistant to idle
    t =    21.00s     Find the Application 'personalassistant.lylab.vip.PersonalAssistant'
    t =    21.04s     Check for interrupting elements affecting "个人助理" Application
    t =    21.09s     Synthesize event
    t =    21.51s     Wait for personalassistant.lylab.vip.PersonalAssistant to idle
    t =    23.62s Find the Application 'personalassistant.lylab.vip.PersonalAssistant'
    t =    23.77s Added attachment named 'iteration2-today'
    t =    23.77s Requesting snapshot of accessibility hierarchy for app with pid 22023
    t =    23.95s Requesting snapshot of accessibility hierarchy for app with pid 22023
    t =    24.02s Tear Down
Test Case '-[LoanSwipeTests.LoanSwipeTests testAccessibleMetadataLayout]' passed (24.264 seconds).
Test Suite 'LoanSwipeTests' passed at 2026-10-04 22:32:20.144.
	 Executed 1 test, with 0 failures (0 unexpected) in 24.264 (24.266) seconds
Test Suite 'LoanSwipeTests.xctest' passed at 2026-10-04 22:32:20.146.
	 Executed 1 test, with 0 failures (0 unexpected) in 24.264 (24.268) seconds
Test Suite 'Selected tests' passed at 2026-10-04 22:32:20.148.
	 Executed 1 test, with 0 failures (0 unexpected) in 24.264 (24.271) seconds
2026-10-04 22:32:20.443 xcodebuild[21941:375592] [MT] IDETestOperationsObserverDebug: 27.981 elapsed -- Testing started completed.
2026-10-04 22:32:20.443 xcodebuild[21941:375592] [MT] IDETestOperationsObserverDebug: 0.000 sec, +0.000 sec -- start
2026-10-04 22:32:20.443 xcodebuild[21941:375592] [MT] IDETestOperationsObserverDebug: 27.981 sec, +27.981 sec -- end

Test session results, code coverage, and logs:
	/tmp/task-module-after/i2-max-light.xcresult

** TEST SUCCEEDED **

Testing started
