Command line invocation:
    /Applications/Xcode.app/Contents/Developer/usr/bin/xcodebuild -project apps/iOS/Tests/UITests/TaskModule/LoanSwipe.xcodeproj -scheme LoanSwipeTests -destination "platform=iOS Simulator,id=A2FF4A60-1F0F-4EB0-B686-F82A55FD4BA0" -derivedDataPath /private/tmp/task-module-after/compact-build -resultBundlePath /private/tmp/task-module-after/i2-max-dark.xcresult -parallel-testing-enabled NO "-only-testing:LoanSwipeTests/LoanSwipeTests/testAccessibleMetadataLayout" test

Writing result bundle at path:
	/private/tmp/task-module-after/i2-max-dark.xcresult

ComputePackagePrebuildTargetDependencyGraph

Prepare packages

CreateBuildRequest

SendProjectDescription

CreateBuildOperation

ComputeTargetDependencyGraph
note: Building targets in dependency order
note: Target dependency graph (1 target)
    Target 'LoanSwipeTests' in project 'LoanSwipe' (no dependencies)

GatherProvisioningInputs

CreateBuildDescription

ClangStatCache /Applications/Xcode.app/Contents/Developer/Toolchains/XcodeDefault.xctoolchain/usr/bin/clang-stat-cache /Applications/Xcode.app/Contents/Developer/Platforms/iPhoneSimulator.platform/Developer/SDKs/iPhoneSimulator27.0.sdk /tmp/task-module-after/compact-build/SDKStatCaches.noindex/iphonesimulator27.0-24A430-e829b21a6f8c9b70876ba0858053c0448dc58220667be655e1bcc261a7455254.sdkstatcache
    cd /Users/lyu/Documents/CODE/personal-assistant/apps/iOS/Tests/UITests/TaskModule/LoanSwipe.xcodeproj
    /Applications/Xcode.app/Contents/Developer/Toolchains/XcodeDefault.xctoolchain/usr/bin/clang-stat-cache /Applications/Xcode.app/Contents/Developer/Platforms/iPhoneSimulator.platform/Developer/SDKs/iPhoneSimulator27.0.sdk -o /tmp/task-module-after/compact-build/SDKStatCaches.noindex/iphonesimulator27.0-24A430-e829b21a6f8c9b70876ba0858053c0448dc58220667be655e1bcc261a7455254.sdkstatcache

PruneExplicitPrecompiledModules /tmp/task-module-after/compact-build/Build/Intermediates.noindex/SwiftExplicitPrecompiledModules

PruneExplicitPrecompiledModules /tmp/task-module-after/compact-build/Build/Intermediates.noindex/ExplicitPrecompiledModules

PruneExplicitPrecompiledModules /tmp/task-module-after/compact-build/SDKExplicitPrecompiledModules

warning: Traditional headermap style is no longer supported; please migrate to using separate headermaps and set 'ALWAYS_SEARCH_USER_PATHS' to NO. (in target 'LoanSwipeTests' from project 'LoanSwipe')
2026-10-04 22:31:00.997904+0800 LoanSwipeTests-Runner[21808:373633] [Default] Running tests...
    t =      nans Interface orientation changed to Portrait
Test Suite 'Selected tests' started at 2026-10-04 22:31:03.388.
Test Suite 'LoanSwipeTests.xctest' started at 2026-10-04 22:31:03.389.
Test Suite 'LoanSwipeTests' started at 2026-10-04 22:31:03.389.
Test Case '-[LoanSwipeTests.LoanSwipeTests testAccessibleMetadataLayout]' started.
    t =     0.00s Start Test at 2026-10-04 22:31:03.391
    t =     0.02s Set Up
    t =     0.03s Open personalassistant.lylab.vip.PersonalAssistant
    t =     0.03s     Launch personalassistant.lylab.vip.PersonalAssistant
    t =     0.03s         Terminate personalassistant.lylab.vip.PersonalAssistant:21716
objc[21808]: Class UIAccessibilityLoaderWebShared is implemented in both /Library/Developer/CoreSimulator/Volumes/iOS_24A434/Library/Developer/CoreSimulator/Profiles/Runtimes/iOS 27.0.simruntime/Contents/Resources/RuntimeRoot/System/Library/AccessibilityBundles/WebKit.axbundle/WebKit (0x104058398) and /Library/Developer/CoreSimulator/Volumes/iOS_24A434/Library/Developer/CoreSimulator/Profiles/Runtimes/iOS 27.0.simruntime/Contents/Resources/RuntimeRoot/System/Library/AccessibilityBundles/WebCore.axbundle/WebCore (0x104f50310). This may cause spurious casting failures and mysterious crashes. One of the duplicates must be removed or renamed.
    t =     1.15s         Setting up automation session
    t =     3.01s         Wait for personalassistant.lylab.vip.PersonalAssistant to idle
    t =     5.15s Waiting 15.0s for "任务" NavigationBar to exist
    t =     6.19s     Checking `Expect predicate `existsNoRetry == 1` for object "任务" NavigationBar`
    t =     6.19s         Checking existence of `"任务" NavigationBar`
    t =     6.36s Waiting 5.0s for "为新的一周留点空间" StaticText to exist
    t =     7.40s     Checking `Expect predicate `existsNoRetry == 1` for object "为新的一周留点空间" StaticText`
    t =     7.40s         Checking existence of `"为新的一周留点空间" StaticText`
    t =     7.48s Find the Application 'personalassistant.lylab.vip.PersonalAssistant'
    t =     7.62s Added attachment named 'iteration2-list-initial'
    t =     7.62s Requesting snapshot of accessibility hierarchy for app with pid 21837
    t =     7.85s Requesting snapshot of accessibility hierarchy for app with pid 21837
    t =     7.94s Swipe up Application 'personalassistant.lylab.vip.PersonalAssistant'
    t =     7.95s     Wait for personalassistant.lylab.vip.PersonalAssistant to idle
    t =     7.95s     Find the Application 'personalassistant.lylab.vip.PersonalAssistant'
    t =     8.00s     Check for interrupting elements affecting "个人助理" Application
    t =     8.05s     Synthesize event
    t =     8.47s     Wait for personalassistant.lylab.vip.PersonalAssistant to idle
    t =    10.57s Find the Application 'personalassistant.lylab.vip.PersonalAssistant'
    t =    10.74s Added attachment named 'iteration2-list-scrolled'
    t =    10.74s Requesting snapshot of accessibility hierarchy for app with pid 21837
    t =    10.94s Requesting snapshot of accessibility hierarchy for app with pid 21837
    t =    11.03s Find the Button (First Match)
    t =    11.07s Find the "为新的一周留点空间、日常与成长、高优先级、Oct 4, 2026、40%" Button
    t =    11.11s Find the "为新的一周留点空间、日常与成长、高优先级、Oct 4, 2026、40%" Button
    t =    11.15s Tap "为新的一周留点空间、日常与成长、高优先级、Oct 4, 2026、40%" Button
    t =    11.15s     Wait for personalassistant.lylab.vip.PersonalAssistant to idle
    t =    11.15s     Find the "为新的一周留点空间、日常与成长、高优先级、Oct 4, 2026、40%" Button
    t =    11.19s     Check for interrupting elements affecting "为新的一周留点空间、日常与成长、高优先级、Oct 4, 2026、40%" Button
    t =    11.24s     Synthesize event
    t =    11.54s     Wait for personalassistant.lylab.vip.PersonalAssistant to idle
    t =    11.93s Swipe up Application 'personalassistant.lylab.vip.PersonalAssistant'
    t =    11.93s     Wait for personalassistant.lylab.vip.PersonalAssistant to idle
    t =    11.95s     Find the Application 'personalassistant.lylab.vip.PersonalAssistant'
    t =    11.99s     Check for interrupting elements affecting "个人助理" Application
    t =    12.02s     Synthesize event
    t =    12.44s     Wait for personalassistant.lylab.vip.PersonalAssistant to idle
    t =    14.56s Find the Application 'personalassistant.lylab.vip.PersonalAssistant'
    t =    14.71s Added attachment named 'iteration2-detail'
    t =    14.71s Requesting snapshot of accessibility hierarchy for app with pid 21837
    t =    14.91s Requesting snapshot of accessibility hierarchy for app with pid 21837
    t =    14.96s Terminate personalassistant.lylab.vip.PersonalAssistant:21837
    t =    16.02s Open personalassistant.lylab.vip.PersonalAssistant
    t =    16.02s     Launch personalassistant.lylab.vip.PersonalAssistant
    t =    16.05s         Setting up automation session
    t =    17.93s         Wait for personalassistant.lylab.vip.PersonalAssistant to idle
    t =    20.02s Waiting 10.0s for "今日专注" StaticText to exist
    t =    21.05s     Checking `Expect predicate `existsNoRetry == 1` for object "今日专注" StaticText`
    t =    21.05s         Checking existence of `"今日专注" StaticText`
    t =    21.20s Swipe up Application 'personalassistant.lylab.vip.PersonalAssistant'
    t =    21.20s     Wait for personalassistant.lylab.vip.PersonalAssistant to idle
    t =    21.20s     Find the Application 'personalassistant.lylab.vip.PersonalAssistant'
    t =    21.24s     Check for interrupting elements affecting "个人助理" Application
    t =    21.28s     Synthesize event
    t =    21.71s     Wait for personalassistant.lylab.vip.PersonalAssistant to idle
    t =    23.80s Find the Application 'personalassistant.lylab.vip.PersonalAssistant'
    t =    23.95s Added attachment named 'iteration2-today'
    t =    23.95s Requesting snapshot of accessibility hierarchy for app with pid 21868
    t =    24.13s Requesting snapshot of accessibility hierarchy for app with pid 21868
    t =    24.19s Tear Down
Test Case '-[LoanSwipeTests.LoanSwipeTests testAccessibleMetadataLayout]' passed (24.473 seconds).
Test Suite 'LoanSwipeTests' passed at 2026-10-04 22:31:27.865.
	 Executed 1 test, with 0 failures (0 unexpected) in 24.473 (24.476) seconds
Test Suite 'LoanSwipeTests.xctest' passed at 2026-10-04 22:31:27.866.
	 Executed 1 test, with 0 failures (0 unexpected) in 24.473 (24.478) seconds
Test Suite 'Selected tests' passed at 2026-10-04 22:31:27.868.
	 Executed 1 test, with 0 failures (0 unexpected) in 24.473 (24.479) seconds
2026-10-04 22:31:28.164 xcodebuild[21762:373248] [MT] IDETestOperationsObserverDebug: 28.332 elapsed -- Testing started completed.
2026-10-04 22:31:28.164 xcodebuild[21762:373248] [MT] IDETestOperationsObserverDebug: 0.000 sec, +0.000 sec -- start
2026-10-04 22:31:28.164 xcodebuild[21762:373248] [MT] IDETestOperationsObserverDebug: 28.332 sec, +28.332 sec -- end

Test session results, code coverage, and logs:
	/tmp/task-module-after/i2-max-dark.xcresult

** TEST SUCCEEDED **

Testing started
