Command line invocation:
    /Applications/Xcode.app/Contents/Developer/usr/bin/xcodebuild -project apps/iOS/Tests/UITests/TaskModule/LoanSwipe.xcodeproj -scheme LoanSwipeTests -destination "platform=iOS Simulator,id=A2FF4A60-1F0F-4EB0-B686-F82A55FD4BA0" -derivedDataPath /private/tmp/task-module-after/compact-build -resultBundlePath /private/tmp/task-module-after/i2-standard-dark.xcresult -parallel-testing-enabled NO "-only-testing:LoanSwipeTests/LoanSwipeTests/testAccessibleMetadataLayout" test

Writing result bundle at path:
	/private/tmp/task-module-after/i2-standard-dark.xcresult

ComputePackagePrebuildTargetDependencyGraph

Prepare packages

CreateBuildRequest

SendProjectDescription

CreateBuildOperation

ComputeTargetDependencyGraph
note: Building targets in dependency order
note: Target dependency graph (1 target)
    Target 'LoanSwipeTests' in project 'LoanSwipe' (no dependencies)

GatherProvisioningInputs

CreateBuildDescription

ClangStatCache /Applications/Xcode.app/Contents/Developer/Toolchains/XcodeDefault.xctoolchain/usr/bin/clang-stat-cache /Applications/Xcode.app/Contents/Developer/Platforms/iPhoneSimulator.platform/Developer/SDKs/iPhoneSimulator27.0.sdk /tmp/task-module-after/compact-build/SDKStatCaches.noindex/iphonesimulator27.0-24A430-e829b21a6f8c9b70876ba0858053c0448dc58220667be655e1bcc261a7455254.sdkstatcache
    cd /Users/lyu/Documents/CODE/personal-assistant/apps/iOS/Tests/UITests/TaskModule/LoanSwipe.xcodeproj
    /Applications/Xcode.app/Contents/Developer/Toolchains/XcodeDefault.xctoolchain/usr/bin/clang-stat-cache /Applications/Xcode.app/Contents/Developer/Platforms/iPhoneSimulator.platform/Developer/SDKs/iPhoneSimulator27.0.sdk -o /tmp/task-module-after/compact-build/SDKStatCaches.noindex/iphonesimulator27.0-24A430-e829b21a6f8c9b70876ba0858053c0448dc58220667be655e1bcc261a7455254.sdkstatcache

PruneExplicitPrecompiledModules /tmp/task-module-after/compact-build/Build/Intermediates.noindex/SwiftExplicitPrecompiledModules

PruneExplicitPrecompiledModules /tmp/task-module-after/compact-build/Build/Intermediates.noindex/ExplicitPrecompiledModules

PruneExplicitPrecompiledModules /tmp/task-module-after/compact-build/SDKExplicitPrecompiledModules

warning: Traditional headermap style is no longer supported; please migrate to using separate headermaps and set 'ALWAYS_SEARCH_USER_PATHS' to NO. (in target 'LoanSwipeTests' from project 'LoanSwipe')
2026-10-04 22:32:48.783537+0800 LoanSwipeTests-Runner[22109:378161] [Default] Running tests...
    t =      nans Interface orientation changed to Portrait
Test Suite 'Selected tests' started at 2026-10-04 22:32:51.053.
Test Suite 'LoanSwipeTests.xctest' started at 2026-10-04 22:32:51.053.
Test Suite 'LoanSwipeTests' started at 2026-10-04 22:32:51.053.
Test Case '-[LoanSwipeTests.LoanSwipeTests testAccessibleMetadataLayout]' started.
    t =     0.00s Start Test at 2026-10-04 22:32:51.055
    t =     0.02s Set Up
    t =     0.02s Open personalassistant.lylab.vip.PersonalAssistant
    t =     0.03s     Launch personalassistant.lylab.vip.PersonalAssistant
    t =     0.03s         Terminate personalassistant.lylab.vip.PersonalAssistant:22023
objc[22109]: Class UIAccessibilityLoaderWebShared is implemented in both /Library/Developer/CoreSimulator/Volumes/iOS_24A434/Library/Developer/CoreSimulator/Profiles/Runtimes/iOS 27.0.simruntime/Contents/Resources/RuntimeRoot/System/Library/AccessibilityBundles/WebKit.axbundle/WebKit (0x10252c398) and /Library/Developer/CoreSimulator/Volumes/iOS_24A434/Library/Developer/CoreSimulator/Profiles/Runtimes/iOS 27.0.simruntime/Contents/Resources/RuntimeRoot/System/Library/AccessibilityBundles/WebCore.axbundle/WebCore (0x106298310). This may cause spurious casting failures and mysterious crashes. One of the duplicates must be removed or renamed.
    t =     1.14s         Setting up automation session
    t =     3.00s         Wait for personalassistant.lylab.vip.PersonalAssistant to idle
    t =     5.14s Waiting 15.0s for "任务" NavigationBar to exist
    t =     6.17s     Checking `Expect predicate `existsNoRetry == 1` for object "任务" NavigationBar`
    t =     6.18s         Checking existence of `"任务" NavigationBar`
    t =     6.35s Waiting 5.0s for "为新的一周留点空间" StaticText to exist
    t =     7.40s     Checking `Expect predicate `existsNoRetry == 1` for object "为新的一周留点空间" StaticText`
    t =     7.40s         Checking existence of `"为新的一周留点空间" StaticText`
    t =     7.49s Find the Application 'personalassistant.lylab.vip.PersonalAssistant'
    t =     7.64s Added attachment named 'iteration2-list-initial'
    t =     7.64s Requesting snapshot of accessibility hierarchy for app with pid 22136
    t =     7.92s Requesting snapshot of accessibility hierarchy for app with pid 22136
    t =     8.03s Swipe up Application 'personalassistant.lylab.vip.PersonalAssistant'
    t =     8.03s     Wait for personalassistant.lylab.vip.PersonalAssistant to idle
    t =     8.03s     Find the Application 'personalassistant.lylab.vip.PersonalAssistant'
    t =     8.09s     Check for interrupting elements affecting "个人助理" Application
    t =     8.15s     Synthesize event
    t =     8.57s     Wait for personalassistant.lylab.vip.PersonalAssistant to idle
    t =     9.06s Find the Application 'personalassistant.lylab.vip.PersonalAssistant'
    t =     9.22s Added attachment named 'iteration2-list-scrolled'
    t =     9.22s Requesting snapshot of accessibility hierarchy for app with pid 22136
    t =     9.50s Requesting snapshot of accessibility hierarchy for app with pid 22136
    t =     9.60s Find the Button (First Match)
    t =     9.66s Find the "为新的一周留点空间、日常与成长、高优先级、Oct 4, 2026、40%" Button
    t =     9.71s Find the "为新的一周留点空间、日常与成长、高优先级、Oct 4, 2026、40%" Button
    t =     9.77s Tap "为新的一周留点空间、日常与成长、高优先级、Oct 4, 2026、40%" Button
    t =     9.77s     Wait for personalassistant.lylab.vip.PersonalAssistant to idle
    t =     9.77s     Find the "为新的一周留点空间、日常与成长、高优先级、Oct 4, 2026、40%" Button
    t =     9.82s     Check for interrupting elements affecting "为新的一周留点空间、日常与成长、高优先级、Oct 4, 2026、40%" Button
    t =     9.88s     Synthesize event
    t =    10.18s     Wait for personalassistant.lylab.vip.PersonalAssistant to idle
    t =    10.61s Swipe up Application 'personalassistant.lylab.vip.PersonalAssistant'
    t =    10.61s     Wait for personalassistant.lylab.vip.PersonalAssistant to idle
    t =    10.63s     Find the Application 'personalassistant.lylab.vip.PersonalAssistant'
    t =    10.68s     Check for interrupting elements affecting "个人助理" Application
    t =    10.73s     Synthesize event
    t =    11.15s     Wait for personalassistant.lylab.vip.PersonalAssistant to idle
    t =    12.06s Find the Application 'personalassistant.lylab.vip.PersonalAssistant'
    t =    12.21s Added attachment named 'iteration2-detail'
    t =    12.21s Requesting snapshot of accessibility hierarchy for app with pid 22136
    t =    12.47s Requesting snapshot of accessibility hierarchy for app with pid 22136
    t =    12.54s Terminate personalassistant.lylab.vip.PersonalAssistant:22136
    t =    13.60s Open personalassistant.lylab.vip.PersonalAssistant
    t =    13.60s     Launch personalassistant.lylab.vip.PersonalAssistant
    t =    13.63s         Setting up automation session
    t =    15.45s         Wait for personalassistant.lylab.vip.PersonalAssistant to idle
    t =    17.48s Waiting 10.0s for "今日专注" StaticText to exist
    t =    18.52s     Checking `Expect predicate `existsNoRetry == 1` for object "今日专注" StaticText`
    t =    18.53s         Checking existence of `"今日专注" StaticText`
    t =    18.66s Swipe up Application 'personalassistant.lylab.vip.PersonalAssistant'
    t =    18.66s     Wait for personalassistant.lylab.vip.PersonalAssistant to idle
    t =    18.66s     Find the Application 'personalassistant.lylab.vip.PersonalAssistant'
    t =    18.70s     Check for interrupting elements affecting "个人助理" Application
    t =    18.74s     Synthesize event
    t =    19.16s     Wait for personalassistant.lylab.vip.PersonalAssistant to idle
    t =    20.18s Find the Application 'personalassistant.lylab.vip.PersonalAssistant'
    t =    20.33s Added attachment named 'iteration2-today'
    t =    20.34s Requesting snapshot of accessibility hierarchy for app with pid 22196
    t =    20.52s Requesting snapshot of accessibility hierarchy for app with pid 22196
    t =    20.58s Tear Down
Test Case '-[LoanSwipeTests.LoanSwipeTests testAccessibleMetadataLayout]' passed (20.854 seconds).
Test Suite 'LoanSwipeTests' passed at 2026-10-04 22:33:11.910.
	 Executed 1 test, with 0 failures (0 unexpected) in 20.854 (20.857) seconds
Test Suite 'LoanSwipeTests.xctest' passed at 2026-10-04 22:33:11.912.
	 Executed 1 test, with 0 failures (0 unexpected) in 20.854 (20.858) seconds
Test Suite 'Selected tests' passed at 2026-10-04 22:33:11.912.
	 Executed 1 test, with 0 failures (0 unexpected) in 20.854 (20.860) seconds
2026-10-04 22:33:12.206 xcodebuild[22068:377753] [MT] IDETestOperationsObserverDebug: 26.503 elapsed -- Testing started completed.
2026-10-04 22:33:12.206 xcodebuild[22068:377753] [MT] IDETestOperationsObserverDebug: 0.000 sec, +0.000 sec -- start
2026-10-04 22:33:12.206 xcodebuild[22068:377753] [MT] IDETestOperationsObserverDebug: 26.503 sec, +26.503 sec -- end

Test session results, code coverage, and logs:
	/tmp/task-module-after/i2-standard-dark.xcresult

** TEST SUCCEEDED **

Testing started
