Command line invocation:
    /Applications/Xcode.app/Contents/Developer/usr/bin/xcodebuild -project apps/iOS/Tests/UITests/TaskModule/LoanSwipe.xcodeproj -scheme LoanSwipeTests -destination "platform=iOS Simulator,id=A2FF4A60-1F0F-4EB0-B686-F82A55FD4BA0" -derivedDataPath /tmp/task-ui-build -resultBundlePath /tmp/task-v4-dark2.xcresult -parallel-testing-enabled NO "-only-testing:LoanSwipeTests/LoanSwipeTests/testV4Pages" test

Writing result bundle at path:
	/tmp/task-v4-dark2.xcresult

ComputePackagePrebuildTargetDependencyGraph

Prepare packages

CreateBuildRequest

SendProjectDescription

CreateBuildOperation

ComputeTargetDependencyGraph
note: Building targets in dependency order
note: Target dependency graph (1 target)
    Target 'LoanSwipeTests' in project 'LoanSwipe' (no dependencies)

GatherProvisioningInputs

CreateBuildDescription

ClangStatCache /Applications/Xcode.app/Contents/Developer/Toolchains/XcodeDefault.xctoolchain/usr/bin/clang-stat-cache /Applications/Xcode.app/Contents/Developer/Platforms/iPhoneSimulator.platform/Developer/SDKs/iPhoneSimulator27.0.sdk /tmp/task-ui-build/SDKStatCaches.noindex/iphonesimulator27.0-24A430-e829b21a6f8c9b70876ba0858053c0448dc58220667be655e1bcc261a7455254.sdkstatcache
    cd /Users/lyu/Documents/CODE/personal-assistant/apps/iOS/Tests/UITests/TaskModule/LoanSwipe.xcodeproj
    /Applications/Xcode.app/Contents/Developer/Toolchains/XcodeDefault.xctoolchain/usr/bin/clang-stat-cache /Applications/Xcode.app/Contents/Developer/Platforms/iPhoneSimulator.platform/Developer/SDKs/iPhoneSimulator27.0.sdk -o /tmp/task-ui-build/SDKStatCaches.noindex/iphonesimulator27.0-24A430-e829b21a6f8c9b70876ba0858053c0448dc58220667be655e1bcc261a7455254.sdkstatcache

warning: Traditional headermap style is no longer supported; please migrate to using separate headermaps and set 'ALWAYS_SEARCH_USER_PATHS' to NO. (in target 'LoanSwipeTests' from project 'LoanSwipe')
ProcessInfoPlistFile /tmp/task-ui-build/Build/Products/Debug-iphonesimulator/LoanSwipeTests-Runner.app/PlugIns/LoanSwipeTests.xctest/Info.plist /tmp/task-ui-build/Build/Intermediates.noindex/LoanSwipe.build/Debug-iphonesimulator/LoanSwipeTests.build/empty-LoanSwipeTests.plist (in target 'LoanSwipeTests' from project 'LoanSwipe')
    cd /Users/lyu/Documents/CODE/personal-assistant/apps/iOS/Tests/UITests/TaskModule
    builtin-infoPlistUtility /tmp/task-ui-build/Build/Intermediates.noindex/LoanSwipe.build/Debug-iphonesimulator/LoanSwipeTests.build/empty-LoanSwipeTests.plist -producttype com.apple.product-type.bundle.ui-testing -expandbuildsettings -format binary -platform iphonesimulator -additionalcontentfile /tmp/task-ui-build/Build/Intermediates.noindex/LoanSwipe.build/Debug-iphonesimulator/LoanSwipeTests.build/ProductTypeInfoPlistAdditions.plist -o /tmp/task-ui-build/Build/Products/Debug-iphonesimulator/LoanSwipeTests-Runner.app/PlugIns/LoanSwipeTests.xctest/Info.plist

CopySwiftLibs /tmp/task-ui-build/Build/Products/Debug-iphonesimulator/LoanSwipeTests-Runner.app/PlugIns/LoanSwipeTests.xctest (in target 'LoanSwipeTests' from project 'LoanSwipe')
    cd /Users/lyu/Documents/CODE/personal-assistant/apps/iOS/Tests/UITests/TaskModule
    builtin-swiftStdLibTool --copy --verbose --scan-executable /tmp/task-ui-build/Build/Products/Debug-iphonesimulator/LoanSwipeTests-Runner.app/PlugIns/LoanSwipeTests.xctest/LoanSwipeTests --scan-folder /tmp/task-ui-build/Build/Products/Debug-iphonesimulator/LoanSwipeTests-Runner.app/PlugIns/LoanSwipeTests.xctest/Frameworks --scan-folder /tmp/task-ui-build/Build/Products/Debug-iphonesimulator/LoanSwipeTests-Runner.app/PlugIns/LoanSwipeTests.xctest/PlugIns --scan-folder /tmp/task-ui-build/Build/Products/Debug-iphonesimulator/LoanSwipeTests-Runner.app/PlugIns/LoanSwipeTests.xctest/SystemExtensions --scan-folder /tmp/task-ui-build/Build/Products/Debug-iphonesimulator/LoanSwipeTests-Runner.app/PlugIns/LoanSwipeTests.xctest/Extensions --platform iphonesimulator --toolchain /var/run/com.apple.security.cryptexd/mnt/com.apple.MobileAsset.MetalToolchain-v27.1.266.1.d9WyMa/Metal.xctoolchain --toolchain /Applications/Xcode.app/Contents/Developer/Toolchains/XcodeDefault.xctoolchain --destination /tmp/task-ui-build/Build/Products/Debug-iphonesimulator/LoanSwipeTests-Runner.app/PlugIns/LoanSwipeTests.xctest/Frameworks --strip-bitcode --scan-executable /Applications/Xcode.app/Contents/Developer/Platforms/iPhoneSimulator.platform/Developer/usr/lib/libXCTestSwiftSupport.dylib --strip-bitcode-tool /Applications/Xcode.app/Contents/Developer/Toolchains/XcodeDefault.xctoolchain/usr/bin/bitcode_strip --emit-dependency-info /tmp/task-ui-build/Build/Intermediates.noindex/LoanSwipe.build/Debug-iphonesimulator/LoanSwipeTests.build/SwiftStdLibToolInputDependencies.dep --filter-for-swift-os
Ignoring --strip-bitcode because --sign was not passed

PruneExplicitPrecompiledModules /tmp/task-ui-build/Build/Intermediates.noindex/SwiftExplicitPrecompiledModules

PruneExplicitPrecompiledModules /tmp/task-ui-build/Build/Intermediates.noindex/ExplicitPrecompiledModules

PruneExplicitPrecompiledModules /tmp/task-ui-build/SDKExplicitPrecompiledModules

2026-10-05 10:52:09.630872+0800 LoanSwipeTests-Runner[9628:114178] [Default] Running tests...
    t =      nans Interface orientation changed to Portrait
Test Suite 'Selected tests' started at 2026-10-05 10:52:11.920.
Test Suite 'LoanSwipeTests.xctest' started at 2026-10-05 10:52:11.921.
Test Suite 'LoanSwipeTests' started at 2026-10-05 10:52:11.921.
Test Case '-[LoanSwipeTests.LoanSwipeTests testV4Pages]' started.
    t =     0.00s Start Test at 2026-10-05 10:52:11.923
    t =     0.02s Set Up
    t =     0.02s Open personalassistant.lylab.vip.PersonalAssistant
    t =     0.02s     Launch personalassistant.lylab.vip.PersonalAssistant
    t =     0.02s         Terminate personalassistant.lylab.vip.PersonalAssistant:9451
objc[9628]: Class UIAccessibilityLoaderWebShared is implemented in both /Library/Developer/CoreSimulator/Volumes/iOS_24A434/Library/Developer/CoreSimulator/Profiles/Runtimes/iOS 27.0.simruntime/Contents/Resources/RuntimeRoot/System/Library/AccessibilityBundles/WebKit.axbundle/WebKit (0x10a8f0398) and /Library/Developer/CoreSimulator/Volumes/iOS_24A434/Library/Developer/CoreSimulator/Profiles/Runtimes/iOS 27.0.simruntime/Contents/Resources/RuntimeRoot/System/Library/AccessibilityBundles/WebCore.axbundle/WebCore (0x10a9e4310). This may cause spurious casting failures and mysterious crashes. One of the duplicates must be removed or renamed.
    t =     1.14s         Setting up automation session
    t =     2.98s         Wait for personalassistant.lylab.vip.PersonalAssistant to idle
    t =     5.01s Waiting 15.0s for "任务" NavigationBar to exist
    t =     6.05s     Checking `Expect predicate `existsNoRetry == 1` for object "任务" NavigationBar`
    t =     6.06s         Checking existence of `"任务" NavigationBar`
    t =     6.22s Find the Application 'personalassistant.lylab.vip.PersonalAssistant'
    t =     6.34s Added attachment named 'v4-root'
    t =     6.35s Requesting snapshot of accessibility hierarchy for app with pid 9639
    t =     6.56s Requesting snapshot of accessibility hierarchy for app with pid 9639
    t =     6.62s Tap "工作" StaticText
    t =     6.62s     Wait for personalassistant.lylab.vip.PersonalAssistant to idle
    t =     6.62s     Find the "工作" StaticText
    t =     6.66s     Check for interrupting elements affecting "工作" StaticText
    t =     6.70s     Synthesize event
    t =     7.00s     Wait for personalassistant.lylab.vip.PersonalAssistant to idle
    t =     7.43s Waiting 5.0s for "工作" NavigationBar to exist
    t =     8.47s     Checking `Expect predicate `existsNoRetry == 1` for object "工作" NavigationBar`
    t =     8.47s         Checking existence of `"工作" NavigationBar`
    t =     8.53s Checking existence of `TabBar (First Match)`
    t =     8.57s Find the Application 'personalassistant.lylab.vip.PersonalAssistant'
    t =     8.68s Added attachment named 'v4-tree'
    t =     8.69s Requesting snapshot of accessibility hierarchy for app with pid 9639
    t =     8.85s Requesting snapshot of accessibility hierarchy for app with pid 9639
    t =     8.92s Tap "设计准备" StaticText
    t =     8.92s     Wait for personalassistant.lylab.vip.PersonalAssistant to idle
    t =     8.92s     Find the "设计准备" StaticText
    t =     8.96s     Check for interrupting elements affecting "设计准备" StaticText
    t =     9.00s     Synthesize event
    t =     9.30s     Wait for personalassistant.lylab.vip.PersonalAssistant to idle
    t =     9.68s Waiting 5.0s for "主任务详情" NavigationBar to exist
    t =    10.72s     Checking `Expect predicate `existsNoRetry == 1` for object "主任务详情" NavigationBar`
    t =    10.72s         Checking existence of `"主任务详情" NavigationBar`
    t =    10.79s Checking existence of `StaticText (First Match)`
    t =    10.82s Find the Application 'personalassistant.lylab.vip.PersonalAssistant'
    t =    10.93s Added attachment named 'v4-main-detail'
    t =    10.93s Requesting snapshot of accessibility hierarchy for app with pid 9639
    t =    11.11s Requesting snapshot of accessibility hierarchy for app with pid 9639
    t =    11.16s Tap "编辑" Button
    t =    11.16s     Wait for personalassistant.lylab.vip.PersonalAssistant to idle
    t =    11.16s     Find the "编辑" Button
    t =    11.20s     Check for interrupting elements affecting "编辑" Button
    t =    11.23s     Synthesize event
    t =    11.53s     Wait for personalassistant.lylab.vip.PersonalAssistant to idle
    t =    12.06s Waiting 5.0s for "编辑主任务" NavigationBar to exist
    t =    13.09s     Checking `Expect predicate `existsNoRetry == 1` for object "编辑主任务" NavigationBar`
    t =    13.09s         Checking existence of `"编辑主任务" NavigationBar`
    t =    13.18s Find the Application 'personalassistant.lylab.vip.PersonalAssistant'
    t =    13.31s Added attachment named 'v4-main-edit'
    t =    13.31s Requesting snapshot of accessibility hierarchy for app with pid 9639
    t =    13.61s Requesting snapshot of accessibility hierarchy for app with pid 9639
    t =    13.69s Tap "图标" Button
    t =    13.69s     Wait for personalassistant.lylab.vip.PersonalAssistant to idle
    t =    13.70s     Find the "图标" Button
    t =    13.75s     Check for interrupting elements affecting "图标" Button
    t =    13.80s     Synthesize event
    t =    14.10s     Wait for personalassistant.lylab.vip.PersonalAssistant to idle
    t =    14.48s Find the Application 'personalassistant.lylab.vip.PersonalAssistant'
    t =    14.65s Added attachment named 'v4-icon-picker'
    t =    14.65s Requesting snapshot of accessibility hierarchy for app with pid 9639
    t =    14.96s Requesting snapshot of accessibility hierarchy for app with pid 9639
    t =    15.04s Tap "完成" Button
    t =    15.04s     Wait for personalassistant.lylab.vip.PersonalAssistant to idle
    t =    15.04s     Find the "完成" Button
    t =    15.09s     Check for interrupting elements affecting "完成" Button
    t =    15.14s     Synthesize event
    t =    15.44s     Wait for personalassistant.lylab.vip.PersonalAssistant to idle
    t =    15.78s Tap "取消" Button
    t =    15.78s     Wait for personalassistant.lylab.vip.PersonalAssistant to idle
    t =    15.78s     Find the "取消" Button
    t =    15.85s     Check for interrupting elements affecting "取消" Button
    t =    15.90s     Synthesize event
    t =    16.21s     Wait for personalassistant.lylab.vip.PersonalAssistant to idle
    t =    16.60s Tap "阅读设计规范" StaticText
    t =    16.60s     Wait for personalassistant.lylab.vip.PersonalAssistant to idle
    t =    16.60s     Find the "阅读设计规范" StaticText
    t =    16.63s     Check for interrupting elements affecting "阅读设计规范" StaticText
    t =    16.67s     Synthesize event
    t =    16.97s     Wait for personalassistant.lylab.vip.PersonalAssistant to idle
    t =    17.33s Waiting 5.0s for "任务详情" NavigationBar to exist
    t =    18.37s     Checking `Expect predicate `existsNoRetry == 1` for object "任务详情" NavigationBar`
    t =    18.37s         Checking existence of `"任务详情" NavigationBar`
    t =    18.44s Checking existence of `"新建下级" Button`
    t =    18.47s Find the Application 'personalassistant.lylab.vip.PersonalAssistant'
    t =    18.59s Added attachment named 'v4-leaf-detail'
    t =    18.59s Requesting snapshot of accessibility hierarchy for app with pid 9639
    t =    18.77s Requesting snapshot of accessibility hierarchy for app with pid 9639
    t =    18.82s Tap Button (Element at index 0)
    t =    18.82s     Wait for personalassistant.lylab.vip.PersonalAssistant to idle
    t =    18.82s     Find the Button (Element at index 0)
    t =    18.86s     Check for interrupting elements affecting "BackButton" Button
    t =    18.89s     Synthesize event
    t =    19.19s     Wait for personalassistant.lylab.vip.PersonalAssistant to idle
    t =    19.51s Tap Button (Element at index 0)
    t =    19.51s     Wait for personalassistant.lylab.vip.PersonalAssistant to idle
    t =    19.51s     Find the Button (Element at index 0)
    t =    19.55s     Check for interrupting elements affecting "BackButton" Button
    t =    19.58s     Synthesize event
    t =    19.89s     Wait for personalassistant.lylab.vip.PersonalAssistant to idle
    t =    20.20s Checking existence of `"下一阶段" StaticText`
    t =    20.25s Swipe up Application 'personalassistant.lylab.vip.PersonalAssistant'
    t =    20.25s     Wait for personalassistant.lylab.vip.PersonalAssistant to idle
    t =    20.25s     Find the Application 'personalassistant.lylab.vip.PersonalAssistant'
    t =    20.29s     Check for interrupting elements affecting "个人助理" Application
    t =    20.34s     Synthesize event
    t =    20.76s     Wait for personalassistant.lylab.vip.PersonalAssistant to idle
    t =    22.86s Checking existence of `"下一阶段" StaticText`
    t =    22.92s Swipe up Application 'personalassistant.lylab.vip.PersonalAssistant'
    t =    22.93s     Wait for personalassistant.lylab.vip.PersonalAssistant to idle
    t =    22.93s     Find the Application 'personalassistant.lylab.vip.PersonalAssistant'
    t =    22.96s     Check for interrupting elements affecting "个人助理" Application
    t =    23.00s     Synthesize event
    t =    23.42s     Wait for personalassistant.lylab.vip.PersonalAssistant to idle
    t =    25.53s Checking existence of `"下一阶段" StaticText`
    t =    25.58s Tap "下一阶段" StaticText
    t =    25.58s     Wait for personalassistant.lylab.vip.PersonalAssistant to idle
    t =    25.59s     Find the "下一阶段" StaticText
    t =    25.63s     Check for interrupting elements affecting "下一阶段" StaticText
    t =    25.68s     Synthesize event
    t =    25.97s     Wait for personalassistant.lylab.vip.PersonalAssistant to idle
    t =    26.33s Checking existence of `"暂无任务" StaticText`
    t =    26.41s Find the Application 'personalassistant.lylab.vip.PersonalAssistant'
    t =    26.53s Added attachment named 'v4-empty-main'
    t =    26.53s Requesting snapshot of accessibility hierarchy for app with pid 9639
    t =    26.70s Requesting snapshot of accessibility hierarchy for app with pid 9639
    t =    26.75s Tear Down
Test Case '-[LoanSwipeTests.LoanSwipeTests testV4Pages]' passed (27.050 seconds).
Test Suite 'LoanSwipeTests' passed at 2026-10-05 10:52:38.974.
	 Executed 1 test, with 0 failures (0 unexpected) in 27.050 (27.053) seconds
Test Suite 'LoanSwipeTests.xctest' passed at 2026-10-05 10:52:38.975.
	 Executed 1 test, with 0 failures (0 unexpected) in 27.050 (27.054) seconds
Test Suite 'Selected tests' passed at 2026-10-05 10:52:38.977.
	 Executed 1 test, with 0 failures (0 unexpected) in 27.050 (27.057) seconds
2026-10-05 10:52:39.290 xcodebuild[9623:113844] [MT] IDETestOperationsObserverDebug: 30.715 elapsed -- Testing started completed.
2026-10-05 10:52:39.290 xcodebuild[9623:113844] [MT] IDETestOperationsObserverDebug: 0.000 sec, +0.000 sec -- start
2026-10-05 10:52:39.290 xcodebuild[9623:113844] [MT] IDETestOperationsObserverDebug: 30.715 sec, +30.715 sec -- end

Test session results, code coverage, and logs:
	/tmp/task-v4-dark2.xcresult

** TEST SUCCEEDED **

Testing started
