PASS 截止相等未逾期
PASS 当天截止后逾期
PASS 当天截止前未逾期
PASS 空截止时间默认23:59前未逾期
PASS 次日超过空截止时间
PASS 归档任务不标逾期
PASS 完成任务不标逾期
PASS 优惠计算保持十进制精度
PASS 优惠除法按分舍入
PASS 优惠乘法金额正确
PASS 优惠计算拒绝除零
PASS 优惠计算拒绝负金额
PASS 优惠计算拒绝超限金额
PASS 账户计算支持已有欠款
PASS 账户计算允许负结果
PASS 金额计算拒绝部分可解析文本
PASS 连续计算按输入顺序且允许替换符号
PASS 求值后数字开启新金额
PASS 除零保留算式供修改
PASS 修正除数后正常求值
PASS 完成拒绝缺少右操作数的算式
PASS 删除待输入符号恢复原金额
PASS 完成自动计算负数结果
PASS 清空重置整笔计算
PASS 图标外围白底变为透明
PASS 图标内部封闭白色保持原样
PASS 图标品牌颜色保持原样
PASS 图标半透明白色外缘正确清除
PASS 贴边品牌图案不被清除
PASS 纯白图标不被整体清空
PASS 图标像素尺寸不匹配时保留输入
PASS 可用额度精确扣除欠款
PASS 零额度仍展示实际可用额度
PASS 超额信用消费保留负可用额度
PASS 溢缴款计入可用额度
PASS 专项恢复额只增加可用额度
PASS 专项恢复额不改余额和总授信
PASS 未入账利息预留扣减可用额度
PASS 专项恢复额抵扣完回到原额度
PASS 银行卡信用标记进入信用组
PASS 信用卡转入显示还款
PASS 目标账户缺失仍显示转账
PASS 资产分组保持目录用途：现金钱包
PASS 转账名称保持目标用途：现金钱包
PASS 资产分组保持目录用途：支付宝
PASS 转账名称保持目标用途：支付宝
PASS 资产分组保持目录用途：余额宝
PASS 转账名称保持目标用途：余额宝
PASS 资产分组保持目录用途：余利宝
PASS 转账名称保持目标用途：余利宝
PASS 资产分组保持目录用途：小荷包
PASS 转账名称保持目标用途：小荷包
PASS 资产分组保持目录用途：蚂蚁财富
PASS 转账名称保持目标用途：蚂蚁财富
PASS 资产分组保持目录用途：微信钱包
PASS 转账名称保持目标用途：微信钱包
PASS 资产分组保持目录用途：微信零钱通
PASS 转账名称保持目标用途：微信零钱通
PASS 资产分组保持目录用途：腾讯理财通
PASS 转账名称保持目标用途：腾讯理财通
PASS 资产分组保持目录用途：QQ钱包
PASS 转账名称保持目标用途：QQ钱包
PASS 资产分组保持目录用途：抖音钱包
PASS 转账名称保持目标用途：抖音钱包
PASS 资产分组保持目录用途：多多钱包
PASS 转账名称保持目标用途：多多钱包
PASS 资产分组保持目录用途：LINE Pay
PASS 转账名称保持目标用途：LINE Pay
PASS 资产分组保持目录用途：PayPay
PASS 转账名称保持目标用途：PayPay
PASS 资产分组保持目录用途：PayPal
PASS 转账名称保持目标用途：PayPal
PASS 资产分组保持目录用途：PayMe
PASS 转账名称保持目标用途：PayMe
PASS 资产分组保持目录用途：Paga
PASS 转账名称保持目标用途：Paga
PASS 资产分组保持目录用途：Chipper Cash
PASS 转账名称保持目标用途：Chipper Cash
PASS 资产分组保持目录用途：YouTrip
PASS 转账名称保持目标用途：YouTrip
PASS 资产分组保持目录用途：TNG eWallet
PASS 转账名称保持目标用途：TNG eWallet
PASS 资产分组保持目录用途：UseTimon
PASS 转账名称保持目标用途：UseTimon
PASS 资产分组保持目录用途：公积金
PASS 转账名称保持目标用途：公积金
PASS 资产分组保持目录用途：医保卡
PASS 转账名称保持目标用途：医保卡
PASS 资产分组保持目录用途：养老金
PASS 转账名称保持目标用途：养老金
PASS 资产分组保持目录用途：存折
PASS 转账名称保持目标用途：存折
PASS 资产分组保持目录用途：其他资产
PASS 转账名称保持目标用途：其他资产
PASS 资产分组保持目录用途：贷款
PASS 转账名称保持目标用途：贷款
PASS 资产分组保持目录用途：蚂蚁花呗
PASS 转账名称保持目标用途：蚂蚁花呗
PASS 资产分组保持目录用途：京东白条
PASS 转账名称保持目标用途：京东白条
PASS 资产分组保持目录用途：京东金条
PASS 转账名称保持目标用途：京东金条
PASS 资产分组保持目录用途：借呗
PASS 转账名称保持目标用途：借呗
PASS 资产分组保持目录用途：微粒贷
PASS 转账名称保持目标用途：微粒贷
PASS 资产分组保持目录用途：美团借钱
PASS 转账名称保持目标用途：美团借钱
PASS 资产分组保持目录用途：美团月付
PASS 转账名称保持目标用途：美团月付
PASS 资产分组保持目录用途：抖音放心借
PASS 转账名称保持目标用途：抖音放心借
PASS 资产分组保持目录用途：抖音月付
PASS 转账名称保持目标用途：抖音月付
PASS 资产分组保持目录用途：微信分付
PASS 转账名称保持目标用途：微信分付
PASS 资产分组保持目录用途：备用金
PASS 转账名称保持目标用途：备用金
PASS 资产分组保持目录用途：公交卡
PASS 转账名称保持目标用途：公交卡
PASS 资产分组保持目录用途：饭卡
PASS 转账名称保持目标用途：饭卡
PASS 资产分组保持目录用途：话费
PASS 转账名称保持目标用途：话费
PASS 资产分组保持目录用途：会员卡
PASS 转账名称保持目标用途：会员卡
PASS 资产分组保持目录用途：加油卡
PASS 转账名称保持目标用途：加油卡
PASS 资产分组保持目录用途：押金
PASS 转账名称保持目标用途：押金
PASS 资产分组保持目录用途：Apple ID
PASS 转账名称保持目标用途：Apple ID
PASS 资产分组保持目录用途：八达通
PASS 转账名称保持目标用途：八达通
PASS 资产分组保持目录用途：澳门通
PASS 转账名称保持目标用途：澳门通
PASS 资产分组保持目录用途：Suica
PASS 转账名称保持目标用途：Suica
PASS 资产分组保持目录用途：ICOCA
PASS 转账名称保持目标用途：ICOCA
PASS 资产分组保持目录用途：PASMO
PASS 转账名称保持目标用途：PASMO
PASS 资产分组保持目录用途：WOWPASS
PASS 转账名称保持目标用途：WOWPASS
PASS 资产分组保持目录用途：其他充值卡
PASS 转账名称保持目标用途：其他充值卡
PASS 资产分组保持目录用途：股票
PASS 转账名称保持目标用途：股票
PASS 资产分组保持目录用途：基金
PASS 转账名称保持目标用途：基金
PASS 资产分组保持目录用途：黄金
PASS 转账名称保持目标用途：黄金
PASS 资产分组保持目录用途：保险
PASS 转账名称保持目标用途：保险
PASS 资产分组保持目录用途：期货
PASS 转账名称保持目标用途：期货
PASS 资产分组保持目录用途：数字货币
PASS 转账名称保持目标用途：数字货币
PASS 资产分组保持目录用途：定期存款
PASS 转账名称保持目标用途：定期存款
PASS 资产分组保持目录用途：其它理财
PASS 转账名称保持目标用途：其它理财
PASS 资产分组保持目录用途：借出
PASS 转账名称保持目标用途：借出
PASS 资产分组保持目录用途：其他应收
PASS 转账名称保持目标用途：其他应收
PASS 资产分组保持目录用途：借入
PASS 转账名称保持目标用途：借入
PASS 资产分组保持目录用途：其他应付
PASS 转账名称保持目标用途：其他应付
PASS 贷款列表余额计入剩余利息
PASS 账户汇总与贷款列表同口径
PASS 总贷款采用全期本息
PASS 结清后不再展示旧账本欠款
PASS 未设置计划的贷款保留账本欠款
PASS 闰年月底账单日截到月末
PASS 最近还款日期跨年计算
PASS 当天账期不跳过且还款优先
PASS 未设置账期不虚构日期
PASS 首页月份正确包含闰年最后一天
PASS 首页月份向前跨年
PASS 首页月份向后跨年
PASS 首页月份不越过有效范围
PASS 首页当前月份使用 UTC+8
PASS 待入账分期不生成未来月份卡片
PASS 信用卡按账期月份倒序
PASS 账单日包含本期且明细倒序
PASS 账单日不含本期时边界前移
PASS 31日账期兼容闰年短月且不漂移
PASS 信用卡账期跨年
PASS 普通账户按自然月
PASS 全局月份收支扣除退款、排除内部转账本金并保留手续费
PASS 流入流出包含退款转账手续费，排除未入账与作废
PASS 贷款计划本息分项精确汇总
PASS 贷款计划结清本金进度
PASS 空贷款计划无除零
PASS 调整默认从本月未还期次开始
PASS 逾期计划仍可明确选择未还期次
PASS 计划已还完仍可修正历史分期
PASS 计划已还行仍提供侧滑调整和表单选项
PASS 默认入口优先未还期次而不是已还历史
PASS 提前结清后的零本金尾期不提供调整
PASS 空计划没有生效期次
PASS 已还期次调整草稿保留所选期数并可提交
PASS 自动计算不发送自定义金额
PASS 分期调息接受零利率
PASS 利率入口只提交利率字段
PASS 分期利率拒绝越界
PASS 金额入口预填选中期次应还额
PASS 自定义本息保留精确金额
PASS 金额校准同时提交后续执行利率
PASS 自定义月供拒绝零金额
PASS 自定义月供拒绝超过两位小数
PASS 金额请求仅限单期，不提交持续月供方式
PASS 单期修正计入合计但不改变后续期次
PASS 修正差额不能伪装为本金或利息
PASS 只有金额修正期次显示差额
PASS 旧流水不虚构时间
PASS 午夜时间保留
PASS 流水日期时间展示
PASS 贷款转入按流入汇总
PASS 来源账户转账按流出汇总
PASS 无关账户流水不参与汇总
PASS 贷款流水自然月范围覆盖闰年
PASS 自动跨分页读取所有历史流水
PASS 全部月份及月内流水倒序且不生成空月份
PASS 跨页月份合计完整且转入方向正确
PASS 空账户全量加载立即结束
PASS 重复分页中止且不冒充完整数据
PASS 部分加载失败不发布错误合计
PASS 首次切换负数后输入金额
PASS 金额首次输入替换原值
PASS 金额以小数点开始
PASS 禁止重复小数点
PASS 允许两位小数
PASS 禁止第三位小数
PASS 欠款切换负数
PASS 欠款切换正数
PASS 删除保留中间负号
PASS 负号后继续输入
PASS 金额清空
PASS 不产生前导零
PASS 金额双零按键
PASS 允许金额上限
PASS 阻止超过金额上限
PASS 忽略非法金额按键
PASS 加载打包的完整官方银行目录
PASS 目录明确官方截止日期
PASS 六类账户与 Web 共用 66 项目录
PASS 用途类型保存重开保持一致：现金钱包
PASS 用途类型保存重开保持一致：支付宝
PASS 用途类型保存重开保持一致：余额宝
PASS 用途类型保存重开保持一致：余利宝
PASS 用途类型保存重开保持一致：小荷包
PASS 用途类型保存重开保持一致：蚂蚁财富
PASS 用途类型保存重开保持一致：微信钱包
PASS 用途类型保存重开保持一致：微信零钱通
PASS 用途类型保存重开保持一致：腾讯理财通
PASS 用途类型保存重开保持一致：QQ钱包
PASS 用途类型保存重开保持一致：抖音钱包
PASS 用途类型保存重开保持一致：多多钱包
PASS 用途类型保存重开保持一致：LINE Pay
PASS 用途类型保存重开保持一致：PayPay
PASS 用途类型保存重开保持一致：PayPal
PASS 用途类型保存重开保持一致：PayMe
PASS 用途类型保存重开保持一致：Paga
PASS 用途类型保存重开保持一致：Chipper Cash
PASS 用途类型保存重开保持一致：YouTrip
PASS 用途类型保存重开保持一致：TNG eWallet
PASS 用途类型保存重开保持一致：UseTimon
PASS 用途类型保存重开保持一致：公积金
PASS 用途类型保存重开保持一致：医保卡
PASS 用途类型保存重开保持一致：养老金
PASS 用途类型保存重开保持一致：存折
PASS 用途类型保存重开保持一致：其他资产
PASS 用途类型保存重开保持一致：贷款
PASS 用途类型保存重开保持一致：蚂蚁花呗
PASS 用途类型保存重开保持一致：京东白条
PASS 用途类型保存重开保持一致：京东金条
PASS 用途类型保存重开保持一致：借呗
PASS 用途类型保存重开保持一致：微粒贷
PASS 用途类型保存重开保持一致：美团借钱
PASS 用途类型保存重开保持一致：美团月付
PASS 用途类型保存重开保持一致：抖音放心借
PASS 用途类型保存重开保持一致：抖音月付
PASS 用途类型保存重开保持一致：微信分付
PASS 用途类型保存重开保持一致：备用金
PASS 用途类型保存重开保持一致：公交卡
PASS 用途类型保存重开保持一致：饭卡
PASS 用途类型保存重开保持一致：话费
PASS 用途类型保存重开保持一致：会员卡
PASS 用途类型保存重开保持一致：加油卡
PASS 用途类型保存重开保持一致：押金
PASS 用途类型保存重开保持一致：Apple ID
PASS 用途类型保存重开保持一致：八达通
PASS 用途类型保存重开保持一致：澳门通
PASS 用途类型保存重开保持一致：Suica
PASS 用途类型保存重开保持一致：ICOCA
PASS 用途类型保存重开保持一致：PASMO
PASS 用途类型保存重开保持一致：WOWPASS
PASS 用途类型保存重开保持一致：其他充值卡
PASS 用途类型保存重开保持一致：股票
PASS 用途类型保存重开保持一致：基金
PASS 用途类型保存重开保持一致：黄金
PASS 用途类型保存重开保持一致：保险
PASS 用途类型保存重开保持一致：期货
PASS 用途类型保存重开保持一致：数字货币
PASS 用途类型保存重开保持一致：定期存款
PASS 用途类型保存重开保持一致：其它理财
PASS 用途类型保存重开保持一致：借出
PASS 用途类型保存重开保持一致：其他应收
PASS 用途类型保存重开保持一致：借入
PASS 用途类型保存重开保持一致：其他应付
PASS 官方类别完整：农村商业银行
PASS 官方类别完整：外资法人银行
PASS 官方类别完整：村镇银行
PASS 官方类别完整：全国股份制银行
PASS 官方类别完整：网络与民营银行
PASS 官方类别完整：国有大型银行
PASS 官方类别完整：政策性与开发性银行
PASS 官方类别完整：住房储蓄银行
PASS 官方类别完整：农村合作银行
PASS 官方类别完整：农村信用社与联合社
PASS 官方类别完整：农村资金互助社
PASS 官方类别完整：外国及港澳台银行内地分行
PASS 官方类别完整：城市商业银行
PASS 精简选择范围保留 161 家银行
PASS 分类、搜索与信用卡共用保留范围
PASS 移除选择项后仍可解析历史账户
PASS 支持全拼、首字母和多词地区搜索
PASS 网络银行能匹配：微众银行
PASS 网络银行能匹配：网商银行
PASS 网络银行能匹配：新网银行
PASS 网络银行能匹配：百信银行
PASS 长沙地名首字母读音正确
PASS 厦门地名首字母读音正确
PASS 信用卡用现有 API 类型保存并恢复
PASS 信用卡标记不会重复追加
PASS 平台信用账户能恢复：花呗
PASS 平台信用账户能恢复：京东白条
PASS 平台信用账户能恢复：借呗
PASS 平台信用账户能恢复：京东金条
PASS 平台信用账户能恢复：微粒贷
PASS 自定义机构去除边缘空白
PASS 自定义信用账户重新打开保留属性
PASS 拒绝空机构
PASS 按 UTF-8 字节限制名称
PASS 不允许无效自定义账户类型
PASS 完整目录符合接口长度约束
PASS 损坏目录被拒绝
PASS 银行别名命中图标且保留原始名称
PASS 未知银行保留名称和类型
PASS 空机构不被自动写入默认名称
PASS 南京银行支持统一选择
PASS 相同机构名称不改变原账户类型
PASS 机构搜索支持别名和大小写
PASS 合法金额 0
PASS 合法金额 0.00
PASS 合法金额 -3.20
PASS 合法金额 999999999999.99
PASS 合法金额 1000000000000
PASS 拒绝金额 1e3
PASS 拒绝金额 1.001
PASS 拒绝金额  1
PASS 拒绝金额 01
PASS 拒绝金额 NaN
PASS 拒绝金额 1000000000000.01
PASS 拒绝金额 
PASS 零支出被拒绝
PASS 负支出被拒绝
PASS 金额展示保留两位精度
PASS PATCH 保留零值且不覆盖未提交字段
PASS 无变化不提交
PASS PATCH 支持清除父节点
PASS 汇总归档叶而排除空主任务原始配置
PASS 空主任务展示零而非完成
PASS 5/10与1/1量化求和6/11
PASS 缺图标字段旧JSON可解码并回退
PASS 未知图标显示回退但不改原字段
PASS 确认整树move本地后代和根同清单，其他清单不动
PASS 确认move只改后代listId，归档进度标题父关系不变
PASS 确认move根使用完整成功实体
PASS 可见同父排序保留隐藏子树及其他清单位置
PASS 非法重复排序不改变全序列
PASS 循环关系不会无限递归
PASS 规范化默认 API 路径
PASS 允许本地开发地址
PASS 允许本地 HTTP：192.168.88.185
PASS 允许本地 HTTP：10.0.0.1
PASS 允许本地 HTTP：172.16.0.1
PASS 允许本地 HTTP：172.31.255.254
PASS 允许本地 HTTP：127.0.0.2
PASS 允许本地 HTTP：Mac.local
PASS 拒绝伪装或公网 HTTP：172.15.0.1
PASS 拒绝伪装或公网 HTTP：172.32.0.1
PASS 拒绝伪装或公网 HTTP：192.169.1.1
PASS 拒绝伪装或公网 HTTP：8.8.8.8
PASS 拒绝伪装或公网 HTTP：192.168.1.999
PASS 拒绝伪装或公网 HTTP：192.168.evil.com
PASS 拒绝伪装或公网 HTTP：192.168.1.1.evil.com
PASS 拒绝伪装或公网 HTTP：010.0.0.1
PASS 拒绝伪装或公网 HTTP：.local
PASS 拒绝非预期地址
PASS 拒绝非预期地址
PASS 拒绝非预期地址
PASS 拒绝非预期地址
PASS 服务器连接测试匿名访问草稿健康接口
PASS 连接测试拒绝错误服务响应
PASS 认证头、查询编码与业务解包
PASS 任务级联删除保留真实cascade查询
PASS PATCH 传输保留 false 且忽略空成功体
PASS 保留后端业务错误
PASS 优先使用当前协议 message
PASS 401 通知清理会话
PASS 聊天请求不包含 UI 标识
PASS 健康无样本错误转换为缺失
PASS 健康零值不会丢失
PASS 真实健康读取失败不会被吞掉
PASS 同步范围包含今天且截至当前时刻
PASS 健康日期范围正确处理夏令时
PASS 全空健康日不会伪装成有效数据
PASS 全空健康数据阻止上传
PASS 零步数属于有效健康数据
PASS 健康上传验证服务端回执
PASS 同步回执不完整时不报成功
PASS 健康记录及服务器接收时间正确解码
PASS 离线余额 75.00
PASS 离线余额 130.00
PASS 离线余额 71.00
PASS 离线余额 68.00
PASS 编辑失败完整回滚余额与队列
PASS 本地流水按交易时分倒序
PASS 本地交易时间分页
PASS 离线余额 82.00
PASS 离线重复提交不重复排队或扣款
PASS 同键异内容拒绝
PASS 离线余额 53.00
PASS 离线余额 40.00
PASS 手续费与返现统计不计转账本金
PASS 离线余额 82.00
PASS 离线余额 10.00
PASS 离线余额 82.00
PASS 离线余额 90.00
PASS 离线 PATCH 保留 false 与空值
PASS 模板重复保存本机去重
PASS 离线余额 90.00
PASS 离线模板兼容原有模型且不提前扣款
PASS 离线余额 90.00
PASS 模拟强退重开保留完整上传队列
PASS 失败操作不留下半笔转账或队列
PASS 退出隐藏账号数据但不删除
PASS 另一账号不会收到旧账号队列
PASS 重新登录恢复原账号待同步操作
PASS 同 ID 不同服务器仍隔离
PASS 响应丢失仅保留未确认命令
PASS 跨重启重试仅开户一次并扣款一次
PASS 离线余额 80.00
PASS 同名本机与云端账户分别保留
PASS 完整快照成功后显示已同步
PASS 旧界面 ID 继续解析到正确账户
PASS 快照下载后重试同一次录入仍不重复排队
PASS 无变化同步不重置流水列表
PASS 离线余额 85.00
PASS 下载期间新增记录保留且只投影一次
PASS 同步期间退出不会将云端数据写入游客账本
PASS 断网查询完全使用本机完整账本
PASS 数据库损坏保留原文件
Screenshot bookkeeping tests passed
Screenshot network lifecycle tests passed
467 tests passed
Category catalog tests passed
Card artwork tests passed
CardNumberFormat tests passed
