Command line invocation:
    /Applications/Xcode.app/Contents/Developer/usr/bin/xcodebuild -project apps/iOS/Tests/UITests/TaskModule/LoanSwipe.xcodeproj -scheme LoanSwipeTests -destination "platform=iOS Simulator,id=7FB89BEB-8C43-4299-8C91-B5D3DB0E7647" -derivedDataPath /tmp/task-ui-build -resultBundlePath /tmp/task-v4-ui4.xcresult -parallel-testing-enabled NO "-only-testing:LoanSwipeTests/LoanSwipeTests/testV4Pages" "-only-testing:LoanSwipeTests/LoanSwipeTests/testV4IconAndMove" "-only-testing:LoanSwipeTests/LoanSwipeTests/testV4DateDraft" test

Writing result bundle at path:
	/tmp/task-v4-ui4.xcresult

ComputePackagePrebuildTargetDependencyGraph

Prepare packages

CreateBuildRequest

SendProjectDescription

CreateBuildOperation

ComputeTargetDependencyGraph
note: Building targets in dependency order
note: Target dependency graph (1 target)
    Target 'LoanSwipeTests' in project 'LoanSwipe' (no dependencies)

GatherProvisioningInputs

CreateBuildDescription

ClangStatCache /Applications/Xcode.app/Contents/Developer/Toolchains/XcodeDefault.xctoolchain/usr/bin/clang-stat-cache /Applications/Xcode.app/Contents/Developer/Platforms/iPhoneSimulator.platform/Developer/SDKs/iPhoneSimulator27.0.sdk /tmp/task-ui-build/SDKStatCaches.noindex/iphonesimulator27.0-24A430-e829b21a6f8c9b70876ba0858053c0448dc58220667be655e1bcc261a7455254.sdkstatcache
    cd /Users/lyu/Documents/CODE/personal-assistant/apps/iOS/Tests/UITests/TaskModule/LoanSwipe.xcodeproj
    /Applications/Xcode.app/Contents/Developer/Toolchains/XcodeDefault.xctoolchain/usr/bin/clang-stat-cache /Applications/Xcode.app/Contents/Developer/Platforms/iPhoneSimulator.platform/Developer/SDKs/iPhoneSimulator27.0.sdk -o /tmp/task-ui-build/SDKStatCaches.noindex/iphonesimulator27.0-24A430-e829b21a6f8c9b70876ba0858053c0448dc58220667be655e1bcc261a7455254.sdkstatcache

PruneExplicitPrecompiledModules /tmp/task-ui-build/SDKExplicitPrecompiledModules

PruneExplicitPrecompiledModules /tmp/task-ui-build/Build/Intermediates.noindex/ExplicitPrecompiledModules

PruneExplicitPrecompiledModules /tmp/task-ui-build/Build/Intermediates.noindex/SwiftExplicitPrecompiledModules

warning: Traditional headermap style is no longer supported; please migrate to using separate headermaps and set 'ALWAYS_SEARCH_USER_PATHS' to NO. (in target 'LoanSwipeTests' from project 'LoanSwipe')
2026-10-05 10:48:02.794299+0800 LoanSwipeTests-Runner[8666:100182] [Default] Running tests...
    t =      nans Interface orientation changed to Portrait
Test Suite 'Selected tests' started at 2026-10-05 10:48:04.953.
Test Suite 'LoanSwipeTests.xctest' started at 2026-10-05 10:48:04.954.
Test Suite 'LoanSwipeTests' started at 2026-10-05 10:48:04.954.
Test Case '-[LoanSwipeTests.LoanSwipeTests testV4DateDraft]' started.
    t =     0.00s Start Test at 2026-10-05 10:48:04.957
    t =     0.02s Set Up
    t =     0.02s Open personalassistant.lylab.vip.PersonalAssistant
    t =     0.02s     Launch personalassistant.lylab.vip.PersonalAssistant
    t =     0.05s         Setting up automation session
objc[8666]: Class UIAccessibilityLoaderWebShared is implemented in both /Library/Developer/CoreSimulator/Volumes/iOS_24A434/Library/Developer/CoreSimulator/Profiles/Runtimes/iOS 27.0.simruntime/Contents/Resources/RuntimeRoot/System/Library/AccessibilityBundles/WebKit.axbundle/WebKit (0x101fe8398) and /Library/Developer/CoreSimulator/Volumes/iOS_24A434/Library/Developer/CoreSimulator/Profiles/Runtimes/iOS 27.0.simruntime/Contents/Resources/RuntimeRoot/System/Library/AccessibilityBundles/WebCore.axbundle/WebCore (0x102e48310). This may cause spurious casting failures and mysterious crashes. One of the duplicates must be removed or renamed.
    t =     1.92s         Wait for personalassistant.lylab.vip.PersonalAssistant to idle
    t =     3.96s Waiting 15.0s for "任务" NavigationBar to exist
    t =     4.98s     Checking `Expect predicate `existsNoRetry == 1` for object "任务" NavigationBar`
    t =     4.98s         Checking existence of `"任务" NavigationBar`
    t =     5.13s Tap "工作" StaticText
    t =     5.13s     Wait for personalassistant.lylab.vip.PersonalAssistant to idle
    t =     5.13s     Find the "工作" StaticText
    t =     5.17s     Check for interrupting elements affecting "工作" StaticText
    t =     5.21s     Synthesize event
    t =     5.49s     Wait for personalassistant.lylab.vip.PersonalAssistant to idle
    t =     5.97s Tap "阅读设计规范" StaticText
    t =     5.97s     Wait for personalassistant.lylab.vip.PersonalAssistant to idle
    t =     5.98s     Find the "阅读设计规范" StaticText
    t =     6.07s     Check for interrupting elements affecting "阅读设计规范" StaticText
    t =     6.12s     Synthesize event
    t =     6.41s     Wait for personalassistant.lylab.vip.PersonalAssistant to idle
    t =     6.84s Tap "编辑" Button
    t =     6.84s     Wait for personalassistant.lylab.vip.PersonalAssistant to idle
    t =     6.85s     Find the "编辑" Button
    t =     6.91s     Check for interrupting elements affecting "编辑" Button
    t =     6.95s     Synthesize event
    t =     7.26s     Wait for personalassistant.lylab.vip.PersonalAssistant to idle
    t =     7.83s Tap Button (First Match)
    t =     7.83s     Wait for personalassistant.lylab.vip.PersonalAssistant to idle
    t =     7.83s     Find the Button (First Match)
    t =     7.90s     Check for interrupting elements affecting "开始、Oct 5, 2026" Button
    t =     7.96s     Synthesize event
    t =     8.25s     Wait for personalassistant.lylab.vip.PersonalAssistant to idle
    t =     8.62s Checking existence of `"指定时间" Switch`
    t =     8.67s Find the "指定时间" Switch
    t =     8.71s Find the "指定时间" Switch
    t =     8.75s Find the Application 'personalassistant.lylab.vip.PersonalAssistant'
    t =     8.79s Tap Switch (First Match)
    t =     8.79s     Wait for personalassistant.lylab.vip.PersonalAssistant to idle
    t =     8.79s     Find the Switch (First Match)
    t =     8.83s     Check for interrupting elements affecting "0" Switch
    t =     8.88s     Synthesize event
    t =     9.18s     Wait for personalassistant.lylab.vip.PersonalAssistant to idle
    t =    10.48s Tap "Time Picker" Button
    t =    10.48s     Wait for personalassistant.lylab.vip.PersonalAssistant to idle
    t =    10.49s     Find the "Time Picker" Button
    t =    10.55s     Check for interrupting elements affecting "Time Picker" Button
    t =    10.60s     Synthesize event
    t =    10.89s     Wait for personalassistant.lylab.vip.PersonalAssistant to idle
    t =    11.84s Set value of PickerWheel (Element at index 0) to 19
    t =    11.84s     Wait for personalassistant.lylab.vip.PersonalAssistant to idle
    t =    11.84s     Find the PickerWheel (Element at index 0)
    t =    11.90s     Check for interrupting elements affecting "09 o’clock" PickerWheel
    t =    11.95s     Synthesize event
    t =    12.02s     Wait for personalassistant.lylab.vip.PersonalAssistant to idle
    t =    12.04s Tap "开始" NavigationBar
    t =    12.04s     Wait for personalassistant.lylab.vip.PersonalAssistant to idle
    t =    12.04s     Find the "开始" NavigationBar
    t =    12.10s     Check for interrupting elements affecting "开始" NavigationBar
    t =    12.15s     Synthesize event
    t =    12.16s         Scroll element to visible
    t =    12.16s         Find the "开始" NavigationBar
    t =    12.22s         Computed hit point {-1, -1} after scrolling to visible
    t =    12.50s     Wait for personalassistant.lylab.vip.PersonalAssistant to idle
    t =    13.50s Tap Button (Element at index 0)
    t =    13.50s     Wait for personalassistant.lylab.vip.PersonalAssistant to idle
    t =    13.51s     Find the Button (Element at index 0)
    t =    13.57s     Check for interrupting elements affecting "BackButton" Button
    t =    13.62s     Synthesize event
    t =    13.91s     Wait for personalassistant.lylab.vip.PersonalAssistant to idle
    t =    14.24s Find the "保存" Button
    t =    14.32s Find the Application 'personalassistant.lylab.vip.PersonalAssistant'
    t =    14.46s Added attachment named 'v4-date-reversed'
    t =    14.46s Requesting snapshot of accessibility hierarchy for app with pid 8673
    t =    14.94s Requesting snapshot of accessibility hierarchy for app with pid 8673
    t =    15.06s Tap Button (First Match)
    t =    15.06s     Wait for personalassistant.lylab.vip.PersonalAssistant to idle
    t =    15.06s     Find the Button (First Match)
    t =    15.11s     Check for interrupting elements affecting "开始、Oct 5, 2026 19:00" Button
    t =    15.18s     Synthesize event
    t =    15.48s     Wait for personalassistant.lylab.vip.PersonalAssistant to idle
    t =    15.82s Checking existence of `"设置日期" Switch`
    t =    15.86s Find the "设置日期" Switch
    t =    15.91s Find the "设置日期" Switch
    t =    15.94s Find the Application 'personalassistant.lylab.vip.PersonalAssistant'
    t =    15.98s Tap Switch (First Match)
    t =    15.98s     Wait for personalassistant.lylab.vip.PersonalAssistant to idle
    t =    15.99s     Find the Switch (First Match)
    t =    16.02s     Check for interrupting elements affecting "1" Switch
    t =    16.08s     Synthesize event
    t =    16.38s     Wait for personalassistant.lylab.vip.PersonalAssistant to idle
    t =    17.68s Tap Button (Element at index 0)
    t =    17.68s     Wait for personalassistant.lylab.vip.PersonalAssistant to idle
    t =    17.69s     Find the Button (Element at index 0)
    t =    17.74s     Check for interrupting elements affecting "BackButton" Button
    t =    17.79s     Synthesize event
    t =    18.08s     Wait for personalassistant.lylab.vip.PersonalAssistant to idle
    t =    18.38s Find the "保存" Button
    t =    18.45s Tap "保存" Button
    t =    18.45s     Wait for personalassistant.lylab.vip.PersonalAssistant to idle
    t =    18.46s     Find the "保存" Button
    t =    18.53s     Check for interrupting elements affecting "保存" Button
    t =    18.60s     Synthesize event
    t =    18.89s     Wait for personalassistant.lylab.vip.PersonalAssistant to idle
    t =    19.30s Tap "编辑" Button
    t =    19.30s     Wait for personalassistant.lylab.vip.PersonalAssistant to idle
    t =    19.31s     Find the "编辑" Button
    t =    19.35s     Check for interrupting elements affecting "编辑" Button
    t =    19.40s     Synthesize event
    t =    19.69s     Wait for personalassistant.lylab.vip.PersonalAssistant to idle
    t =    20.12s Tap Button (First Match)
    t =    20.12s     Wait for personalassistant.lylab.vip.PersonalAssistant to idle
    t =    20.12s     Find the Button (First Match)
    t =    20.19s     Check for interrupting elements affecting "开始、未设置" Button
    t =    20.25s     Synthesize event
    t =    20.55s     Wait for personalassistant.lylab.vip.PersonalAssistant to idle
    t =    20.85s Find the "设置日期" Switch
    t =    20.92s Checking existence of `"设置日期" Switch`
    t =    20.95s Find the "设置日期" Switch
    t =    20.98s Find the "设置日期" Switch
    t =    21.01s Find the Application 'personalassistant.lylab.vip.PersonalAssistant'
    t =    21.06s Tap Switch (First Match)
    t =    21.06s     Wait for personalassistant.lylab.vip.PersonalAssistant to idle
    t =    21.06s     Find the Switch (First Match)
    t =    21.09s     Check for interrupting elements affecting "0" Switch
    t =    21.14s     Synthesize event
    t =    21.43s     Wait for personalassistant.lylab.vip.PersonalAssistant to idle
    t =    22.73s Find the "指定时间" Switch
    t =    22.78s Find the Application 'personalassistant.lylab.vip.PersonalAssistant'
    t =    22.92s Added attachment named 'v4-date-cleared'
    t =    22.92s Requesting snapshot of accessibility hierarchy for app with pid 8673
    t =    23.27s Requesting snapshot of accessibility hierarchy for app with pid 8673
    t =    23.36s Tear Down
Test Case '-[LoanSwipeTests.LoanSwipeTests testV4DateDraft]' passed (23.620 seconds).
Test Case '-[LoanSwipeTests.LoanSwipeTests testV4IconAndMove]' started.
    t =     0.00s Start Test at 2026-10-05 10:48:28.579
    t =     0.02s Set Up
    t =     0.02s Open personalassistant.lylab.vip.PersonalAssistant
    t =     0.02s     Launch personalassistant.lylab.vip.PersonalAssistant
    t =     0.02s         Terminate personalassistant.lylab.vip.PersonalAssistant:8673
    t =     1.06s         Setting up automation session
    t =     2.90s         Wait for personalassistant.lylab.vip.PersonalAssistant to idle
    t =     4.90s Waiting 15.0s for "任务" NavigationBar to exist
    t =     5.94s     Checking `Expect predicate `existsNoRetry == 1` for object "任务" NavigationBar`
    t =     5.94s         Checking existence of `"任务" NavigationBar`
    t =     6.09s Tap "工作" StaticText
    t =     6.09s     Wait for personalassistant.lylab.vip.PersonalAssistant to idle
    t =     6.09s     Find the "工作" StaticText
    t =     6.14s     Check for interrupting elements affecting "工作" StaticText
    t =     6.17s     Synthesize event
    t =     6.46s     Wait for personalassistant.lylab.vip.PersonalAssistant to idle
    t =     6.93s Tap "设计准备" StaticText
    t =     6.93s     Wait for personalassistant.lylab.vip.PersonalAssistant to idle
    t =     6.95s     Find the "设计准备" StaticText
    t =     7.03s     Check for interrupting elements affecting "设计准备" StaticText
    t =     7.09s     Synthesize event
    t =     7.38s     Wait for personalassistant.lylab.vip.PersonalAssistant to idle
    t =     7.78s Tap "编辑" Button
    t =     7.78s     Wait for personalassistant.lylab.vip.PersonalAssistant to idle
    t =     7.79s     Find the "编辑" Button
    t =     7.85s     Check for interrupting elements affecting "编辑" Button
    t =     7.89s     Synthesize event
    t =     8.19s     Wait for personalassistant.lylab.vip.PersonalAssistant to idle
    t =     8.75s Tap "图标" Button
    t =     8.75s     Wait for personalassistant.lylab.vip.PersonalAssistant to idle
    t =     8.76s     Find the "图标" Button
    t =     8.85s     Check for interrupting elements affecting "图标" Button
    t =     8.91s     Synthesize event
    t =     9.20s     Wait for personalassistant.lylab.vip.PersonalAssistant to idle
    t =     9.58s Find the "分层计划" Button
    t =     9.67s Tap "目标" Button
    t =     9.67s     Wait for personalassistant.lylab.vip.PersonalAssistant to idle
    t =     9.67s     Find the "目标" Button
    t =     9.73s     Check for interrupting elements affecting "target" Button
    t =     9.78s     Synthesize event
    t =    10.07s     Wait for personalassistant.lylab.vip.PersonalAssistant to idle
    t =    10.07s Tap "完成" Button
    t =    10.07s     Wait for personalassistant.lylab.vip.PersonalAssistant to idle
    t =    10.08s     Find the "完成" Button
    t =    10.13s     Check for interrupting elements affecting "完成" Button
    t =    10.19s     Synthesize event
    t =    10.47s     Wait for personalassistant.lylab.vip.PersonalAssistant to idle
    t =    10.81s Tap "取消" Button
    t =    10.81s     Wait for personalassistant.lylab.vip.PersonalAssistant to idle
    t =    10.82s     Find the "取消" Button
    t =    10.90s     Check for interrupting elements affecting "取消" Button
    t =    10.97s     Synthesize event
    t =    11.27s     Wait for personalassistant.lylab.vip.PersonalAssistant to idle
    t =    11.65s Tap "编辑" Button
    t =    11.65s     Wait for personalassistant.lylab.vip.PersonalAssistant to idle
    t =    11.65s     Find the "编辑" Button
    t =    11.70s     Check for interrupting elements affecting "编辑" Button
    t =    11.73s     Synthesize event
    t =    12.02s     Wait for personalassistant.lylab.vip.PersonalAssistant to idle
    t =    12.47s Tap "图标" Button
    t =    12.47s     Wait for personalassistant.lylab.vip.PersonalAssistant to idle
    t =    12.47s     Find the "图标" Button
    t =    12.56s     Check for interrupting elements affecting "图标" Button
    t =    12.62s     Synthesize event
    t =    12.91s     Wait for personalassistant.lylab.vip.PersonalAssistant to idle
    t =    13.24s Find the "分层计划" Button
    t =    13.33s Tap "目标" Button
    t =    13.33s     Wait for personalassistant.lylab.vip.PersonalAssistant to idle
    t =    13.34s     Find the "目标" Button
    t =    13.39s     Check for interrupting elements affecting "target" Button
    t =    13.45s     Synthesize event
    t =    13.74s     Wait for personalassistant.lylab.vip.PersonalAssistant to idle
    t =    13.75s Tap "完成" Button
    t =    13.75s     Wait for personalassistant.lylab.vip.PersonalAssistant to idle
    t =    13.75s     Find the "完成" Button
    t =    13.81s     Check for interrupting elements affecting "完成" Button
    t =    13.86s     Synthesize event
    t =    14.15s     Wait for personalassistant.lylab.vip.PersonalAssistant to idle
    t =    14.46s Tap "保存" Button
    t =    14.46s     Wait for personalassistant.lylab.vip.PersonalAssistant to idle
    t =    14.46s     Find the "保存" Button
    t =    14.54s     Check for interrupting elements affecting "保存" Button
    t =    14.61s     Synthesize event
    t =    14.91s     Wait for personalassistant.lylab.vip.PersonalAssistant to idle
    t =    15.32s Tap "编辑" Button
    t =    15.32s     Wait for personalassistant.lylab.vip.PersonalAssistant to idle
    t =    15.33s     Find the "编辑" Button
    t =    15.37s     Check for interrupting elements affecting "编辑" Button
    t =    15.41s     Synthesize event
    t =    15.70s     Wait for personalassistant.lylab.vip.PersonalAssistant to idle
    t =    16.13s Tap "图标" Button
    t =    16.13s     Wait for personalassistant.lylab.vip.PersonalAssistant to idle
    t =    16.13s     Find the "图标" Button
    t =    16.22s     Check for interrupting elements affecting "图标" Button
    t =    16.28s     Synthesize event
    t =    16.57s     Wait for personalassistant.lylab.vip.PersonalAssistant to idle
    t =    16.90s Find the "目标" Button
    t =    16.98s Find the Application 'personalassistant.lylab.vip.PersonalAssistant'
    t =    17.13s Added attachment named 'v4-icon-saved'
    t =    17.13s Requesting snapshot of accessibility hierarchy for app with pid 8695
    t =    17.47s Requesting snapshot of accessibility hierarchy for app with pid 8695
    t =    17.56s Tap "完成" Button
    t =    17.56s     Wait for personalassistant.lylab.vip.PersonalAssistant to idle
    t =    17.56s     Find the "完成" Button
    t =    17.62s     Check for interrupting elements affecting "完成" Button
    t =    17.67s     Synthesize event
    t =    17.97s     Wait for personalassistant.lylab.vip.PersonalAssistant to idle
    t =    18.28s Tap "取消" Button
    t =    18.28s     Wait for personalassistant.lylab.vip.PersonalAssistant to idle
    t =    18.28s     Find the "取消" Button
    t =    18.37s     Check for interrupting elements affecting "取消" Button
    t =    18.44s     Synthesize event
    t =    18.74s     Wait for personalassistant.lylab.vip.PersonalAssistant to idle
    t =    19.16s Tap Button (Element at index 0)
    t =    19.16s     Wait for personalassistant.lylab.vip.PersonalAssistant to idle
    t =    19.16s     Find the Button (Element at index 0)
    t =    19.21s     Check for interrupting elements affecting "BackButton" Button
    t =    19.25s     Synthesize event
    t =    19.55s     Wait for personalassistant.lylab.vip.PersonalAssistant to idle
    t =    19.89s Tap "产品发布" StaticText
    t =    19.89s     Wait for personalassistant.lylab.vip.PersonalAssistant to idle
    t =    19.90s     Find the "产品发布" StaticText
    t =    19.97s     Check for interrupting elements affecting "产品发布" StaticText
    t =    20.03s     Synthesize event
    t =    20.32s     Wait for personalassistant.lylab.vip.PersonalAssistant to idle
    t =    20.66s Tap "编辑" Button
    t =    20.66s     Wait for personalassistant.lylab.vip.PersonalAssistant to idle
    t =    20.69s     Find the "编辑" Button
    t =    20.75s     Check for interrupting elements affecting "编辑" Button
    t =    20.79s     Synthesize event
    t =    21.09s     Wait for personalassistant.lylab.vip.PersonalAssistant to idle
    t =    21.53s Tap "清单、工作" Button
    t =    21.53s     Wait for personalassistant.lylab.vip.PersonalAssistant to idle
    t =    21.54s     Find the "清单、工作" Button
    t =    21.64s     Check for interrupting elements affecting "清单、工作" Button
    t =    21.69s     Synthesize event
    t =    21.99s     Wait for personalassistant.lylab.vip.PersonalAssistant to idle
    t =    23.14s Tap "学习" Button
    t =    23.15s     Wait for personalassistant.lylab.vip.PersonalAssistant to idle
    t =    23.15s     Find the "学习" Button
    t =    23.24s     Check for interrupting elements affecting "学习" Button
    t =    23.30s     Synthesize event
    t =    23.59s     Wait for personalassistant.lylab.vip.PersonalAssistant to idle
    t =    25.03s Checking existence of `"父主任务、无" Button`
    t =    25.10s Tap "保存" Button
    t =    25.10s     Wait for personalassistant.lylab.vip.PersonalAssistant to idle
    t =    25.10s     Find the "保存" Button
    t =    25.17s     Check for interrupting elements affecting "保存" Button
    t =    25.23s     Synthesize event
    t =    25.53s     Wait for personalassistant.lylab.vip.PersonalAssistant to idle
    t =    25.99s Tap Button (Element at index 0)
    t =    25.99s     Wait for personalassistant.lylab.vip.PersonalAssistant to idle
    t =    26.00s     Find the Button (Element at index 0)
    t =    26.04s     Check for interrupting elements affecting "BackButton" Button
    t =    26.07s     Synthesize event
    t =    26.37s     Wait for personalassistant.lylab.vip.PersonalAssistant to idle
    t =    26.71s Tap Button (Element at index 0)
    t =    26.71s     Wait for personalassistant.lylab.vip.PersonalAssistant to idle
    t =    26.71s     Find the Button (Element at index 0)
    t =    26.76s     Check for interrupting elements affecting "BackButton" Button
    t =    26.80s     Synthesize event
    t =    27.11s     Wait for personalassistant.lylab.vip.PersonalAssistant to idle
    t =    27.43s Tap "学习" StaticText
    t =    27.43s     Wait for personalassistant.lylab.vip.PersonalAssistant to idle
    t =    27.47s     Find the "学习" StaticText
    t =    27.52s     Check for interrupting elements affecting "学习" StaticText
    t =    27.56s     Synthesize event
    t =    27.86s     Wait for personalassistant.lylab.vip.PersonalAssistant to idle
    t =    28.20s Checking existence of `"产品发布" StaticText`
    t =    28.29s Checking existence of `"阅读设计规范" StaticText`
    t =    28.33s Find the Application 'personalassistant.lylab.vip.PersonalAssistant'
    t =    28.46s Added attachment named 'v4-tree-moved'
    t =    28.46s Requesting snapshot of accessibility hierarchy for app with pid 8695
    t =    28.68s Requesting snapshot of accessibility hierarchy for app with pid 8695
    t =    28.75s Tap Button (Element at index 0)
    t =    28.75s     Wait for personalassistant.lylab.vip.PersonalAssistant to idle
    t =    28.75s     Find the Button (Element at index 0)
    t =    28.80s     Check for interrupting elements affecting "BackButton" Button
    t =    28.84s     Synthesize event
    t =    29.14s     Wait for personalassistant.lylab.vip.PersonalAssistant to idle
    t =    29.48s Tap "工作" StaticText
    t =    29.48s     Wait for personalassistant.lylab.vip.PersonalAssistant to idle
    t =    29.48s     Find the "工作" StaticText
    t =    29.53s     Check for interrupting elements affecting "工作" StaticText
    t =    29.58s     Synthesize event
    t =    29.87s     Wait for personalassistant.lylab.vip.PersonalAssistant to idle
    t =    30.21s Tap "历史任务容器" StaticText
    t =    30.21s     Wait for personalassistant.lylab.vip.PersonalAssistant to idle
    t =    30.24s     Find the "历史任务容器" StaticText
    t =    30.29s     Check for interrupting elements affecting "历史任务容器" StaticText
    t =    30.33s     Synthesize event
    t =    30.62s     Wait for personalassistant.lylab.vip.PersonalAssistant to idle
    t =    30.98s Checking existence of `"新建下级" Button`
    t =    31.05s Checking existence of `"减少" Button`
    t =    31.08s Find the Application 'personalassistant.lylab.vip.PersonalAssistant'
    t =    31.19s Added attachment named 'v4-legacy-container'
    t =    31.19s Requesting snapshot of accessibility hierarchy for app with pid 8695
    t =    31.38s Requesting snapshot of accessibility hierarchy for app with pid 8695
    t =    31.43s Tear Down
Test Case '-[LoanSwipeTests.LoanSwipeTests testV4IconAndMove]' passed (31.714 seconds).
Test Case '-[LoanSwipeTests.LoanSwipeTests testV4Pages]' started.
    t =     0.00s Start Test at 2026-10-05 10:49:00.295
    t =     0.03s Set Up
    t =     0.03s Open personalassistant.lylab.vip.PersonalAssistant
    t =     0.04s     Launch personalassistant.lylab.vip.PersonalAssistant
    t =     0.04s         Terminate personalassistant.lylab.vip.PersonalAssistant:8695
    t =     1.12s         Setting up automation session
    t =     2.91s         Wait for personalassistant.lylab.vip.PersonalAssistant to idle
    t =     4.88s Waiting 15.0s for "任务" NavigationBar to exist
    t =     5.90s     Checking `Expect predicate `existsNoRetry == 1` for object "任务" NavigationBar`
    t =     5.91s         Checking existence of `"任务" NavigationBar`
    t =     6.07s Find the Application 'personalassistant.lylab.vip.PersonalAssistant'
    t =     6.19s Added attachment named 'v4-root'
    t =     6.19s Requesting snapshot of accessibility hierarchy for app with pid 8762
    t =     6.41s Requesting snapshot of accessibility hierarchy for app with pid 8762
    t =     6.48s Tap "工作" StaticText
    t =     6.48s     Wait for personalassistant.lylab.vip.PersonalAssistant to idle
    t =     6.49s     Find the "工作" StaticText
    t =     6.53s     Check for interrupting elements affecting "工作" StaticText
    t =     6.57s     Synthesize event
    t =     6.86s     Wait for personalassistant.lylab.vip.PersonalAssistant to idle
    t =     7.31s Waiting 5.0s for "工作" NavigationBar to exist
    t =     8.33s     Checking `Expect predicate `existsNoRetry == 1` for object "工作" NavigationBar`
    t =     8.33s         Checking existence of `"工作" NavigationBar`
    t =     8.43s Checking existence of `TabBar (First Match)`
    t =     8.48s Find the Application 'personalassistant.lylab.vip.PersonalAssistant'
    t =     8.61s Added attachment named 'v4-tree'
    t =     8.61s Requesting snapshot of accessibility hierarchy for app with pid 8762
    t =     8.87s Requesting snapshot of accessibility hierarchy for app with pid 8762
    t =     8.96s Tap "设计准备" StaticText
    t =     8.96s     Wait for personalassistant.lylab.vip.PersonalAssistant to idle
    t =     8.97s     Find the "设计准备" StaticText
    t =     9.03s     Check for interrupting elements affecting "设计准备" StaticText
    t =     9.09s     Synthesize event
    t =     9.40s     Wait for personalassistant.lylab.vip.PersonalAssistant to idle
    t =     9.80s Waiting 5.0s for "主任务详情" NavigationBar to exist
    t =    10.82s     Checking `Expect predicate `existsNoRetry == 1` for object "主任务详情" NavigationBar`
    t =    10.82s         Checking existence of `"主任务详情" NavigationBar`
    t =    10.90s Checking existence of `StaticText (First Match)`
    t =    10.93s Find the Application 'personalassistant.lylab.vip.PersonalAssistant'
    t =    11.05s Added attachment named 'v4-main-detail'
    t =    11.06s Requesting snapshot of accessibility hierarchy for app with pid 8762
    t =    11.28s Requesting snapshot of accessibility hierarchy for app with pid 8762
    t =    11.35s Tap "编辑" Button
    t =    11.35s     Wait for personalassistant.lylab.vip.PersonalAssistant to idle
    t =    11.35s     Find the "编辑" Button
    t =    11.39s     Check for interrupting elements affecting "编辑" Button
    t =    11.43s     Synthesize event
    t =    11.73s     Wait for personalassistant.lylab.vip.PersonalAssistant to idle
    t =    12.32s Waiting 5.0s for "编辑主任务" NavigationBar to exist
    t =    13.33s     Checking `Expect predicate `existsNoRetry == 1` for object "编辑主任务" NavigationBar`
    t =    13.33s         Checking existence of `"编辑主任务" NavigationBar`
    t =    13.44s Find the Application 'personalassistant.lylab.vip.PersonalAssistant'
    t =    13.59s Added attachment named 'v4-main-edit'
    t =    13.59s Requesting snapshot of accessibility hierarchy for app with pid 8762
    t =    14.03s Requesting snapshot of accessibility hierarchy for app with pid 8762
    t =    14.14s Tap "图标" Button
    t =    14.14s     Wait for personalassistant.lylab.vip.PersonalAssistant to idle
    t =    14.14s     Find the "图标" Button
    t =    14.22s     Check for interrupting elements affecting "图标" Button
    t =    14.28s     Synthesize event
    t =    14.59s     Wait for personalassistant.lylab.vip.PersonalAssistant to idle
    t =    14.96s Find the Application 'personalassistant.lylab.vip.PersonalAssistant'
    t =    15.14s Added attachment named 'v4-icon-picker'
    t =    15.14s Requesting snapshot of accessibility hierarchy for app with pid 8762
    t =    15.50s Requesting snapshot of accessibility hierarchy for app with pid 8762
    t =    15.60s Tap "完成" Button
    t =    15.60s     Wait for personalassistant.lylab.vip.PersonalAssistant to idle
    t =    15.60s     Find the "完成" Button
    t =    15.66s     Check for interrupting elements affecting "完成" Button
    t =    15.72s     Synthesize event
    t =    16.02s     Wait for personalassistant.lylab.vip.PersonalAssistant to idle
    t =    16.35s Tap "取消" Button
    t =    16.35s     Wait for personalassistant.lylab.vip.PersonalAssistant to idle
    t =    16.35s     Find the "取消" Button
    t =    16.44s     Check for interrupting elements affecting "取消" Button
    t =    16.51s     Synthesize event
    t =    16.82s     Wait for personalassistant.lylab.vip.PersonalAssistant to idle
    t =    17.23s Tap "阅读设计规范" StaticText
    t =    17.23s     Wait for personalassistant.lylab.vip.PersonalAssistant to idle
    t =    17.23s     Find the "阅读设计规范" StaticText
    t =    17.28s     Check for interrupting elements affecting "阅读设计规范" StaticText
    t =    17.32s     Synthesize event
    t =    17.62s     Wait for personalassistant.lylab.vip.PersonalAssistant to idle
    t =    17.98s Waiting 5.0s for "任务详情" NavigationBar to exist
    t =    18.99s     Checking `Expect predicate `existsNoRetry == 1` for object "任务详情" NavigationBar`
    t =    19.00s         Checking existence of `"任务详情" NavigationBar`
    t =    19.07s Checking existence of `"新建下级" Button`
    t =    19.12s Find the Application 'personalassistant.lylab.vip.PersonalAssistant'
    t =    19.24s Added attachment named 'v4-leaf-detail'
    t =    19.24s Requesting snapshot of accessibility hierarchy for app with pid 8762
    t =    19.50s Requesting snapshot of accessibility hierarchy for app with pid 8762
    t =    19.57s Tap Button (Element at index 0)
    t =    19.57s     Wait for personalassistant.lylab.vip.PersonalAssistant to idle
    t =    19.57s     Find the Button (Element at index 0)
    t =    19.61s     Check for interrupting elements affecting "BackButton" Button
    t =    19.66s     Synthesize event
    t =    19.96s     Wait for personalassistant.lylab.vip.PersonalAssistant to idle
    t =    20.30s Tap Button (Element at index 0)
    t =    20.30s     Wait for personalassistant.lylab.vip.PersonalAssistant to idle
    t =    20.31s     Find the Button (Element at index 0)
    t =    20.36s     Check for interrupting elements affecting "BackButton" Button
    t =    20.41s     Synthesize event
    t =    20.72s     Wait for personalassistant.lylab.vip.PersonalAssistant to idle
    t =    21.05s Tap "下一阶段" StaticText
    t =    21.05s     Wait for personalassistant.lylab.vip.PersonalAssistant to idle
    t =    21.07s     Find the "下一阶段" StaticText
    t =    21.14s     Check for interrupting elements affecting "下一阶段" StaticText
    t =    21.20s     Synthesize event
    t =    21.50s     Wait for personalassistant.lylab.vip.PersonalAssistant to idle
    t =    21.85s Checking existence of `"暂无任务" StaticText`
    t =    21.91s Find the Application 'personalassistant.lylab.vip.PersonalAssistant'
    t =    22.03s Added attachment named 'v4-empty-main'
    t =    22.03s Requesting snapshot of accessibility hierarchy for app with pid 8762
    t =    22.24s Requesting snapshot of accessibility hierarchy for app with pid 8762
    t =    22.29s Tear Down
Test Case '-[LoanSwipeTests.LoanSwipeTests testV4Pages]' passed (22.528 seconds).
Test Suite 'LoanSwipeTests' passed at 2026-10-05 10:49:22.822.
	 Executed 3 tests, with 0 failures (0 unexpected) in 77.862 (77.868) seconds
Test Suite 'LoanSwipeTests.xctest' passed at 2026-10-05 10:49:22.823.
	 Executed 3 tests, with 0 failures (0 unexpected) in 77.862 (77.869) seconds
Test Suite 'Selected tests' passed at 2026-10-05 10:49:22.824.
	 Executed 3 tests, with 0 failures (0 unexpected) in 77.862 (77.871) seconds
2026-10-05 10:49:23.121 xcodebuild[8652:100005] [MT] IDETestOperationsObserverDebug: 81.371 elapsed -- Testing started completed.
2026-10-05 10:49:23.121 xcodebuild[8652:100005] [MT] IDETestOperationsObserverDebug: 0.000 sec, +0.000 sec -- start
2026-10-05 10:49:23.121 xcodebuild[8652:100005] [MT] IDETestOperationsObserverDebug: 81.371 sec, +81.371 sec -- end

Test session results, code coverage, and logs:
	/tmp/task-v4-ui4.xcresult

** TEST SUCCEEDED **

Testing started
