Command line invocation:
    /Applications/Xcode.app/Contents/Developer/usr/bin/xcodebuild -project apps/iOS/Tests/UITests/TaskModule/LoanSwipe.xcodeproj -scheme LoanSwipeTests -destination "platform=iOS Simulator,id=A2FF4A60-1F0F-4EB0-B686-F82A55FD4BA0" -derivedDataPath /tmp/task-ui-build -resultBundlePath /tmp/task-badge-dark-normal.xcresult -parallel-testing-enabled NO "-only-testing:LoanSwipeTests/LoanSwipeTests/testV4IconBadge" test

Writing result bundle at path:
	/tmp/task-badge-dark-normal.xcresult

ComputePackagePrebuildTargetDependencyGraph

Prepare packages

CreateBuildRequest

SendProjectDescription

CreateBuildOperation

ComputeTargetDependencyGraph
note: Building targets in dependency order
note: Target dependency graph (1 target)
    Target 'LoanSwipeTests' in project 'LoanSwipe' (no dependencies)

GatherProvisioningInputs

CreateBuildDescription

ExecuteExternalTool /Applications/Xcode.app/Contents/Developer/Toolchains/XcodeDefault.xctoolchain/usr/bin/clang -v -E -dM -isysroot /Applications/Xcode.app/Contents/Developer/Platforms/iPhoneSimulator.platform/Developer/SDKs/iPhoneSimulator27.0.sdk -x c -c /dev/null

ExecuteExternalTool /Applications/Xcode.app/Contents/Developer/Toolchains/XcodeDefault.xctoolchain/usr/bin/swiftc --version

ExecuteExternalTool /Applications/Xcode.app/Contents/Developer/Toolchains/XcodeDefault.xctoolchain/usr/bin/ld -version_details

Build description signature: 334c526f573a897f9f2db2d8312fb9fe
Build description path: /tmp/task-ui-build/Build/Intermediates.noindex/XCBuildData/334c526f573a897f9f2db2d8312fb9fe.xcbuilddata
ClangStatCache /Applications/Xcode.app/Contents/Developer/Toolchains/XcodeDefault.xctoolchain/usr/bin/clang-stat-cache /Applications/Xcode.app/Contents/Developer/Platforms/iPhoneSimulator.platform/Developer/SDKs/iPhoneSimulator27.0.sdk /tmp/task-ui-build/SDKStatCaches.noindex/iphonesimulator27.0-24A430-e829b21a6f8c9b70876ba0858053c0448dc58220667be655e1bcc261a7455254.sdkstatcache
    cd /Users/lyu/Documents/CODE/personal-assistant/apps/iOS/Tests/UITests/TaskModule/LoanSwipe.xcodeproj
    /Applications/Xcode.app/Contents/Developer/Toolchains/XcodeDefault.xctoolchain/usr/bin/clang-stat-cache /Applications/Xcode.app/Contents/Developer/Platforms/iPhoneSimulator.platform/Developer/SDKs/iPhoneSimulator27.0.sdk -o /tmp/task-ui-build/SDKStatCaches.noindex/iphonesimulator27.0-24A430-e829b21a6f8c9b70876ba0858053c0448dc58220667be655e1bcc261a7455254.sdkstatcache

warning: Traditional headermap style is no longer supported; please migrate to using separate headermaps and set 'ALWAYS_SEARCH_USER_PATHS' to NO. (in target 'LoanSwipeTests' from project 'LoanSwipe')
ProcessInfoPlistFile /tmp/task-ui-build/Build/Products/Debug-iphonesimulator/LoanSwipeTests-Runner.app/PlugIns/LoanSwipeTests.xctest/Info.plist /tmp/task-ui-build/Build/Intermediates.noindex/LoanSwipe.build/Debug-iphonesimulator/LoanSwipeTests.build/empty-LoanSwipeTests.plist (in target 'LoanSwipeTests' from project 'LoanSwipe')
    cd /Users/lyu/Documents/CODE/personal-assistant/apps/iOS/Tests/UITests/TaskModule
    builtin-infoPlistUtility /tmp/task-ui-build/Build/Intermediates.noindex/LoanSwipe.build/Debug-iphonesimulator/LoanSwipeTests.build/empty-LoanSwipeTests.plist -producttype com.apple.product-type.bundle.ui-testing -expandbuildsettings -format binary -platform iphonesimulator -additionalcontentfile /tmp/task-ui-build/Build/Intermediates.noindex/LoanSwipe.build/Debug-iphonesimulator/LoanSwipeTests.build/ProductTypeInfoPlistAdditions.plist -o /tmp/task-ui-build/Build/Products/Debug-iphonesimulator/LoanSwipeTests-Runner.app/PlugIns/LoanSwipeTests.xctest/Info.plist

PruneExplicitPrecompiledModules /tmp/task-ui-build/SDKExplicitPrecompiledModules

PruneExplicitPrecompiledModules /tmp/task-ui-build/Build/Intermediates.noindex/SwiftExplicitPrecompiledModules

PruneExplicitPrecompiledModules /tmp/task-ui-build/Build/Intermediates.noindex/ExplicitPrecompiledModules

2026-10-05 11:01:30.012435+0800 LoanSwipeTests-Runner[11174:128567] [Default] Running tests...
    t =      nans Interface orientation changed to Portrait
Test Suite 'Selected tests' started at 2026-10-05 11:01:32.268.
Test Suite 'LoanSwipeTests.xctest' started at 2026-10-05 11:01:32.268.
Test Suite 'LoanSwipeTests' started at 2026-10-05 11:01:32.268.
Test Case '-[LoanSwipeTests.LoanSwipeTests testV4IconBadge]' started.
    t =     0.00s Start Test at 2026-10-05 11:01:32.270
    t =     0.02s Set Up
    t =     0.02s Open personalassistant.lylab.vip.PersonalAssistant
    t =     0.03s     Launch personalassistant.lylab.vip.PersonalAssistant
    t =     0.03s         Terminate personalassistant.lylab.vip.PersonalAssistant:11074
objc[11174]: Class UIAccessibilityLoaderWebShared is implemented in both /Library/Developer/CoreSimulator/Volumes/iOS_24A434/Library/Developer/CoreSimulator/Profiles/Runtimes/iOS 27.0.simruntime/Contents/Resources/RuntimeRoot/System/Library/AccessibilityBundles/WebKit.axbundle/WebKit (0x1062c8398) and /Library/Developer/CoreSimulator/Volumes/iOS_24A434/Library/Developer/CoreSimulator/Profiles/Runtimes/iOS 27.0.simruntime/Contents/Resources/RuntimeRoot/System/Library/AccessibilityBundles/WebCore.axbundle/WebCore (0x1063bc310). This may cause spurious casting failures and mysterious crashes. One of the duplicates must be removed or renamed.
    t =     1.14s         Setting up automation session
    t =     2.96s         Wait for personalassistant.lylab.vip.PersonalAssistant to idle
    t =     4.96s Waiting 15.0s for "任务" NavigationBar to exist
    t =     6.04s     Checking `Expect predicate `existsNoRetry == 1` for object "任务" NavigationBar`
    t =     6.04s         Checking existence of `"任务" NavigationBar`
    t =     6.20s Tap "工作" StaticText
    t =     6.20s     Wait for personalassistant.lylab.vip.PersonalAssistant to idle
    t =     6.21s     Find the "工作" StaticText
    t =     6.25s     Check for interrupting elements affecting "工作" StaticText
    t =     6.29s     Synthesize event
    t =     6.58s     Wait for personalassistant.lylab.vip.PersonalAssistant to idle
    t =     7.04s Tap "设计准备" StaticText
    t =     7.04s     Wait for personalassistant.lylab.vip.PersonalAssistant to idle
    t =     7.07s     Find the "设计准备" StaticText
    t =     7.16s     Check for interrupting elements affecting "设计准备" StaticText
    t =     7.21s     Synthesize event
    t =     7.51s     Wait for personalassistant.lylab.vip.PersonalAssistant to idle
    t =     7.91s Tap "编辑" Button
    t =     7.91s     Wait for personalassistant.lylab.vip.PersonalAssistant to idle
    t =     7.94s     Find the "编辑" Button
    t =     8.00s     Check for interrupting elements affecting "编辑" Button
    t =     8.04s     Synthesize event
    t =     8.34s     Wait for personalassistant.lylab.vip.PersonalAssistant to idle
    t =     8.95s Tap "图标" Button
    t =     8.95s     Wait for personalassistant.lylab.vip.PersonalAssistant to idle
    t =     8.95s     Find the "图标" Button
    t =     9.06s     Check for interrupting elements affecting "图标" Button
    t =     9.12s     Synthesize event
    t =     9.41s     Wait for personalassistant.lylab.vip.PersonalAssistant to idle
    t =     9.81s Find the "分层计划" Button
    t =     9.90s Find the Application 'personalassistant.lylab.vip.PersonalAssistant'
    t =    10.03s Added attachment named 'v4-badge-selected'
    t =    10.03s Requesting snapshot of accessibility hierarchy for app with pid 11201
    t =    10.38s Requesting snapshot of accessibility hierarchy for app with pid 11201
    t =    10.47s Tap "目标" Button
    t =    10.47s     Wait for personalassistant.lylab.vip.PersonalAssistant to idle
    t =    10.47s     Find the "目标" Button
    t =    10.53s     Check for interrupting elements affecting "target" Button
    t =    10.58s     Synthesize event
    t =    10.89s     Wait for personalassistant.lylab.vip.PersonalAssistant to idle
    t =    10.89s Find the "目标" Button
    t =    10.95s Find the "分层计划" Button
    t =    11.00s Tap SearchField (First Match)
    t =    11.00s     Wait for personalassistant.lylab.vip.PersonalAssistant to idle
    t =    11.01s     Find the SearchField (First Match)
    t =    11.04s     Check for interrupting elements affecting "搜索图标" SearchField
    t =    11.09s     Synthesize event
    t =    11.40s     Wait for personalassistant.lylab.vip.PersonalAssistant to idle
    t =    12.26s Type '发布' into "搜索图标" SearchField
    t =    12.26s     Wait for personalassistant.lylab.vip.PersonalAssistant to idle
    t =    12.26s     Find the "搜索图标" SearchField
    t =    12.31s     Check for interrupting elements affecting "搜索图标" SearchField
    t =    12.37s     Synthesize event
    t =    12.63s     Wait for personalassistant.lylab.vip.PersonalAssistant to idle
    t =    12.63s Waiting 5.0s for "发布" Button to exist
    t =    13.71s     Checking `Expect predicate `existsNoRetry == 1` for object "发布" Button`
    t =    13.71s         Checking existence of `"发布" Button`
    t =    13.80s Tap "发布" Button
    t =    13.80s     Wait for personalassistant.lylab.vip.PersonalAssistant to idle
    t =    13.80s     Find the "发布" Button
    t =    13.85s     Check for interrupting elements affecting "paperplane" Button
    t =    13.91s     Synthesize event
    t =    14.21s     Wait for personalassistant.lylab.vip.PersonalAssistant to idle
    t =    14.22s Find the "发布" Button
    t =    14.29s Find the Application 'personalassistant.lylab.vip.PersonalAssistant'
    t =    14.42s Added attachment named 'v4-badge-search-selected'
    t =    14.43s Requesting snapshot of accessibility hierarchy for app with pid 11201
    t =    14.80s Requesting snapshot of accessibility hierarchy for app with pid 11201
    t =    14.90s Tap "close" Button
    t =    14.90s     Wait for personalassistant.lylab.vip.PersonalAssistant to idle
    t =    14.90s     Find the "close" Button
    t =    14.96s     Check for interrupting elements affecting "close" Button
    t =    15.01s     Synthesize event
    t =    15.31s     Wait for personalassistant.lylab.vip.PersonalAssistant to idle
    t =    15.61s Tap "完成" Button
    t =    15.61s     Wait for personalassistant.lylab.vip.PersonalAssistant to idle
    t =    15.61s     Find the "完成" Button
    t =    15.68s     Check for interrupting elements affecting "完成" Button
    t =    15.73s     Synthesize event
    t =    16.04s     Wait for personalassistant.lylab.vip.PersonalAssistant to idle
    t =    16.37s Tap "取消" Button
    t =    16.37s     Wait for personalassistant.lylab.vip.PersonalAssistant to idle
    t =    16.37s     Find the "取消" Button
    t =    16.45s     Check for interrupting elements affecting "取消" Button
    t =    16.52s     Synthesize event
    t =    16.83s     Wait for personalassistant.lylab.vip.PersonalAssistant to idle
    t =    17.25s Tap "编辑" Button
    t =    17.25s     Wait for personalassistant.lylab.vip.PersonalAssistant to idle
    t =    17.25s     Find the "编辑" Button
    t =    17.30s     Check for interrupting elements affecting "编辑" Button
    t =    17.34s     Synthesize event
    t =    17.65s     Wait for personalassistant.lylab.vip.PersonalAssistant to idle
    t =    18.09s Tap "图标" Button
    t =    18.09s     Wait for personalassistant.lylab.vip.PersonalAssistant to idle
    t =    18.10s     Find the "图标" Button
    t =    18.20s     Check for interrupting elements affecting "图标" Button
    t =    18.26s     Synthesize event
    t =    18.57s     Wait for personalassistant.lylab.vip.PersonalAssistant to idle
    t =    18.91s Find the "分层计划" Button
    t =    19.00s Tear Down
Test Case '-[LoanSwipeTests.LoanSwipeTests testV4IconBadge]' passed (19.367 seconds).
Test Suite 'LoanSwipeTests' passed at 2026-10-05 11:01:51.638.
	 Executed 1 test, with 0 failures (0 unexpected) in 19.367 (19.370) seconds
Test Suite 'LoanSwipeTests.xctest' passed at 2026-10-05 11:01:51.639.
	 Executed 1 test, with 0 failures (0 unexpected) in 19.367 (19.371) seconds
Test Suite 'Selected tests' passed at 2026-10-05 11:01:51.640.
	 Executed 1 test, with 0 failures (0 unexpected) in 19.367 (19.373) seconds
2026-10-05 11:01:51.961 xcodebuild[11151:128267] [MT] IDETestOperationsObserverDebug: 22.981 elapsed -- Testing started completed.
2026-10-05 11:01:51.961 xcodebuild[11151:128267] [MT] IDETestOperationsObserverDebug: 0.000 sec, +0.000 sec -- start
2026-10-05 11:01:51.961 xcodebuild[11151:128267] [MT] IDETestOperationsObserverDebug: 22.981 sec, +22.981 sec -- end

Test session results, code coverage, and logs:
	/tmp/task-badge-dark-normal.xcresult

** TEST SUCCEEDED **

Testing started
